2025-06-18 18:30:07,816 [INFO] Inicio del sistema
2025-06-18 18:30:08,940 [INFO] Lectura BMP390
2025-06-18 18:30:08,990 [INFO] [31m[1mWARNING: This is a development server. Do not use it in a production deployment. Use a production WSGI server instead.[0m
 * Running on all addresses (0.0.0.0)
 * Running on http://127.0.0.1:8080
 * Running on http://127.0.0.1:8080
2025-06-18 18:30:08,991 [INFO] [33mPress CTRL+C to quit[0m
2025-06-18 18:30:09,159 [INFO] Lectura LTR390
2025-06-18 18:30:09,901 [WARNING] Lectura serial fallida o formato incorrecto
2025-06-18 18:30:09,926 [ERROR] Error al leer datos climáticos NASA
2025-06-18 18:30:09,927 [INFO] Datos JSON preparados para envío
2025-06-18 18:30:10,980 [INFO] Lectura BMP390
2025-06-18 18:30:11,167 [INFO] Lectura LTR390
2025-06-18 18:30:12,080 [INFO] Lectura desde ESP32-S3 por serial
2025-06-18 18:30:16,514 [INFO] Lectura datos climáticos NASA
2025-06-18 18:30:16,516 [INFO] Datos JSON preparados para envío
2025-06-18 18:30:17,569 [INFO] Lectura BMP390
2025-06-18 18:30:17,746 [INFO] Lectura LTR390
2025-06-18 18:30:17,749 [INFO] Lectura desde ESP32-S3 por serial
2025-06-18 18:30:22,141 [INFO] Lectura datos climáticos NASA
2025-06-18 18:30:22,142 [INFO] Datos JSON preparados para envío
2025-06-18 18:30:23,193 [INFO] Lectura BMP390
2025-06-18 18:30:23,373 [INFO] Lectura LTR390
2025-06-18 18:30:23,376 [INFO] Lectura desde ESP32-S3 por serial
2025-06-18 18:30:27,367 [INFO] Lectura datos climáticos NASA
2025-06-18 18:30:27,369 [INFO] Datos JSON preparados para envío
2025-06-18 18:30:28,419 [INFO] Lectura BMP390
2025-06-18 18:30:28,601 [INFO] Lectura LTR390
2025-06-18 18:30:28,604 [INFO] Lectura desde ESP32-S3 por serial
2025-06-18 18:30:31,972 [INFO] Lectura datos climáticos NASA
2025-06-18 18:30:31,974 [INFO] Datos JSON preparados para envío
2025-06-18 18:30:33,024 [INFO] Lectura BMP390
2025-06-18 18:30:33,201 [INFO] Lectura LTR390
2025-06-18 18:30:33,203 [INFO] Lectura desde ESP32-S3 por serial
2025-06-19 14:58:13,283 [INFO] Lectura datos climáticos NASA
2025-06-19 14:58:13,285 [INFO] Datos JSON preparados para envío
2025-06-19 14:58:14,334 [INFO] Lectura BMP390
2025-06-19 14:58:14,510 [INFO] Lectura LTR390
2025-06-19 14:58:14,513 [INFO] Lectura desde ESP32-S3 por serial
2025-06-19 14:58:18,492 [INFO] Lectura datos climáticos NASA
2025-06-19 14:58:18,493 [INFO] Datos JSON preparados para envío
2025-06-19 14:58:19,544 [INFO] Lectura BMP390
2025-06-19 14:58:19,726 [INFO] Lectura LTR390
2025-06-19 14:58:19,729 [INFO] Lectura desde ESP32-S3 por serial
2025-06-19 14:58:23,715 [INFO] Lectura datos climáticos NASA
2025-06-19 14:58:23,716 [INFO] Datos JSON preparados para envío
2025-06-19 14:58:24,766 [INFO] Lectura BMP390
2025-06-19 14:58:24,943 [INFO] Lectura LTR390
2025-06-19 14:58:24,946 [INFO] Lectura desde ESP32-S3 por serial
2025-06-19 14:58:29,250 [INFO] Lectura datos climáticos NASA
2025-06-19 14:58:29,253 [INFO] Datos JSON preparados para envío
2025-06-19 14:58:30,306 [INFO] Lectura BMP390
2025-06-19 14:58:30,486 [INFO] Lectura LTR390
2025-06-19 14:58:30,492 [INFO] Lectura desde ESP32-S3 por serial
2025-06-19 14:58:34,163 [INFO] Lectura datos climáticos NASA
2025-06-19 14:58:34,166 [INFO] Datos JSON preparados para envío
2025-06-19 14:58:35,221 [INFO] Lectura BMP390
2025-06-19 14:58:35,401 [INFO] Lectura LTR390
2025-06-19 14:58:35,407 [INFO] Lectura desde ESP32-S3 por serial
2025-06-19 14:58:39,692 [INFO] Lectura datos climáticos NASA
2025-06-19 14:58:39,695 [INFO] Datos JSON preparados para envío
2025-06-19 14:58:40,748 [INFO] Lectura BMP390
2025-06-19 14:58:40,930 [INFO] Lectura LTR390
2025-06-19 14:58:40,938 [INFO] Lectura desde ESP32-S3 por serial
2025-06-19 14:58:44,916 [INFO] Lectura datos climáticos NASA
2025-06-19 14:58:44,919 [INFO] Datos JSON preparados para envío
2025-06-19 14:58:45,973 [INFO] Lectura BMP390
2025-06-19 14:58:46,153 [INFO] Lectura LTR390
2025-06-19 14:58:46,158 [INFO] Lectura desde ESP32-S3 por serial
2025-06-19 14:59:08,169 [INFO] Lectura datos climáticos NASA
2025-06-19 14:59:08,171 [INFO] Datos JSON preparados para envío
2025-06-19 14:59:09,223 [INFO] Lectura BMP390
2025-06-19 14:59:09,408 [INFO] Lectura LTR390
2025-06-19 14:59:09,414 [INFO] Lectura desde ESP32-S3 por serial
2025-06-19 14:59:13,479 [INFO] Lectura datos climáticos NASA
2025-06-19 14:59:13,482 [INFO] Datos JSON preparados para envío
2025-06-19 14:59:14,533 [INFO] Lectura BMP390
2025-06-19 14:59:14,709 [INFO] Lectura LTR390
2025-06-19 14:59:14,713 [INFO] Lectura desde ESP32-S3 por serial
2025-06-19 14:59:18,696 [INFO] Lectura datos climáticos NASA
2025-06-19 14:59:18,699 [INFO] Datos JSON preparados para envío
2025-06-19 14:59:19,751 [INFO] Lectura BMP390
2025-06-19 14:59:19,931 [INFO] Lectura LTR390
2025-06-19 14:59:19,938 [INFO] Lectura desde ESP32-S3 por serial
2025-06-19 14:59:24,226 [INFO] Lectura datos climáticos NASA
2025-06-19 14:59:24,229 [INFO] Datos JSON preparados para envío
2025-06-19 14:59:25,281 [INFO] Lectura BMP390
2025-06-19 14:59:25,464 [INFO] Lectura LTR390
2025-06-19 14:59:25,470 [INFO] Lectura desde ESP32-S3 por serial
2025-06-19 14:59:29,141 [INFO] Lectura datos climáticos NASA
2025-06-19 14:59:29,149 [INFO] Datos JSON preparados para envío
2025-06-19 14:59:30,202 [INFO] Lectura BMP390
2025-06-19 14:59:30,381 [INFO] Lectura LTR390
2025-06-19 14:59:30,387 [INFO] Lectura desde ESP32-S3 por serial
2025-06-19 14:59:34,161 [INFO] Lectura datos climáticos NASA
2025-06-19 14:59:34,164 [INFO] Datos JSON preparados para envío
2025-06-19 14:59:35,217 [INFO] Lectura BMP390
2025-06-19 14:59:35,399 [INFO] Lectura LTR390
2025-06-19 14:59:35,405 [INFO] Lectura desde ESP32-S3 por serial
2025-06-19 14:59:38,897 [INFO] Lectura datos climáticos NASA
2025-06-19 14:59:38,899 [INFO] Datos JSON preparados para envío
2025-06-19 14:59:39,952 [INFO] Lectura BMP390
2025-06-19 14:59:40,132 [INFO] Lectura LTR390
2025-06-19 14:59:40,139 [INFO] Lectura desde ESP32-S3 por serial
2025-06-19 14:59:43,578 [INFO] Lectura datos climáticos NASA
2025-06-19 14:59:43,581 [INFO] Datos JSON preparados para envío
2025-06-19 14:59:44,636 [INFO] Lectura BMP390
2025-06-19 14:59:44,816 [INFO] Lectura LTR390
2025-06-19 14:59:44,823 [INFO] Lectura desde ESP32-S3 por serial
2025-06-19 14:59:48,062 [INFO] Lectura datos climáticos NASA
2025-06-19 14:59:48,065 [INFO] Datos JSON preparados para envío
2025-06-19 14:59:49,118 [INFO] Lectura BMP390
2025-06-19 14:59:49,298 [INFO] Lectura LTR390
2025-06-19 14:59:49,304 [INFO] Lectura desde ESP32-S3 por serial
2025-06-19 14:59:52,770 [INFO] Lectura datos climáticos NASA
2025-06-19 14:59:52,772 [INFO] Datos JSON preparados para envío
2025-06-19 14:59:53,826 [INFO] Lectura BMP390
2025-06-19 14:59:54,007 [INFO] Lectura LTR390
2025-06-19 14:59:54,012 [INFO] Lectura desde ESP32-S3 por serial
2025-06-19 14:59:57,987 [INFO] Lectura datos climáticos NASA
2025-06-19 14:59:57,989 [INFO] Datos JSON preparados para envío
2025-06-19 14:59:59,039 [INFO] Lectura BMP390
2025-06-19 14:59:59,216 [INFO] Lectura LTR390
2025-06-19 14:59:59,218 [INFO] Lectura desde ESP32-S3 por serial
2025-06-19 15:00:03,246 [INFO] Lectura datos climáticos NASA
2025-06-19 15:00:03,247 [INFO] Datos JSON preparados para envío
2025-06-19 15:00:04,300 [INFO] Lectura BMP390
2025-06-19 15:00:04,480 [INFO] Lectura LTR390
2025-06-19 15:00:04,486 [INFO] Lectura desde ESP32-S3 por serial
2025-06-19 15:00:08,237 [INFO] Lectura datos climáticos NASA
2025-06-19 15:00:08,240 [INFO] Datos JSON preparados para envío
2025-06-19 15:00:09,292 [INFO] Lectura BMP390
2025-06-19 15:00:09,473 [INFO] Lectura LTR390
2025-06-19 15:00:09,479 [INFO] Lectura desde ESP32-S3 por serial
2025-06-19 15:00:13,952 [INFO] Lectura datos climáticos NASA
2025-06-19 15:00:13,956 [INFO] Datos JSON preparados para envío
2025-06-19 15:00:15,008 [INFO] Lectura BMP390
2025-06-19 15:00:15,188 [INFO] Lectura LTR390
2025-06-19 15:00:15,190 [INFO] Lectura desde ESP32-S3 por serial
2025-06-19 15:00:19,333 [INFO] Lectura datos climáticos NASA
2025-06-19 15:00:19,336 [INFO] Datos JSON preparados para envío
2025-06-19 15:00:20,391 [INFO] Lectura BMP390
2025-06-19 15:00:20,572 [INFO] Lectura LTR390
2025-06-19 15:00:20,578 [INFO] Lectura desde ESP32-S3 por serial
2025-06-19 15:00:24,508 [INFO] Lectura datos climáticos NASA
2025-06-19 15:00:24,510 [INFO] Datos JSON preparados para envío
2025-06-19 15:00:25,566 [INFO] Lectura BMP390
2025-06-19 15:00:25,755 [INFO] Lectura LTR390
2025-06-19 15:00:25,761 [INFO] Lectura desde ESP32-S3 por serial
2025-06-19 15:00:29,376 [INFO] Lectura datos climáticos NASA
2025-06-19 15:00:29,379 [INFO] Datos JSON preparados para envío
2025-06-19 15:00:30,430 [INFO] Lectura BMP390
2025-06-19 15:00:30,611 [INFO] Lectura LTR390
2025-06-19 15:00:30,616 [INFO] Lectura desde ESP32-S3 por serial
2025-06-19 15:00:34,208 [INFO] Lectura datos climáticos NASA
2025-06-19 15:00:34,210 [INFO] Datos JSON preparados para envío
2025-06-19 15:00:35,265 [INFO] Lectura BMP390
2025-06-19 15:00:35,444 [INFO] Lectura LTR390
2025-06-19 15:00:35,447 [INFO] Lectura desde ESP32-S3 por serial
2025-06-19 15:00:39,743 [INFO] Lectura datos climáticos NASA
2025-06-19 15:00:39,745 [INFO] Datos JSON preparados para envío
2025-06-19 15:00:40,798 [INFO] Lectura BMP390
2025-06-19 15:00:40,980 [INFO] Lectura LTR390
2025-06-19 15:00:40,986 [INFO] Lectura desde ESP32-S3 por serial
2025-06-19 15:00:44,879 [INFO] Lectura datos climáticos NASA
2025-06-19 15:00:44,881 [INFO] Datos JSON preparados para envío
2025-06-19 15:00:45,935 [INFO] Lectura BMP390
2025-06-19 15:00:46,115 [INFO] Lectura LTR390
2025-06-19 15:00:46,118 [INFO] Lectura desde ESP32-S3 por serial
2025-06-19 15:00:50,256 [INFO] Lectura datos climáticos NASA
2025-06-19 15:00:50,257 [INFO] Datos JSON preparados para envío
2025-06-19 15:00:51,310 [INFO] Lectura BMP390
2025-06-19 15:00:51,495 [INFO] Lectura LTR390
2025-06-19 15:00:51,499 [INFO] Lectura desde ESP32-S3 por serial
2025-06-19 15:00:55,479 [INFO] Lectura datos climáticos NASA
2025-06-19 15:00:55,482 [INFO] Datos JSON preparados para envío
2025-06-19 15:00:56,538 [INFO] Lectura BMP390
2025-06-19 15:00:56,718 [INFO] Lectura LTR390
2025-06-19 15:00:56,721 [INFO] Lectura desde ESP32-S3 por serial
2025-06-19 15:01:00,396 [INFO] Lectura datos climáticos NASA
2025-06-19 15:01:00,400 [INFO] Datos JSON preparados para envío
2025-06-19 15:01:01,452 [INFO] Lectura BMP390
2025-06-19 15:01:01,631 [INFO] Lectura LTR390
2025-06-19 15:01:01,637 [INFO] Lectura desde ESP32-S3 por serial
2025-06-19 15:01:05,312 [INFO] Lectura datos climáticos NASA
2025-06-19 15:01:05,315 [INFO] Datos JSON preparados para envío
2025-06-19 15:01:06,367 [INFO] Lectura BMP390
2025-06-19 15:01:06,547 [INFO] Lectura LTR390
2025-06-19 15:01:06,553 [INFO] Lectura desde ESP32-S3 por serial
2025-06-19 15:01:10,535 [INFO] Lectura datos climáticos NASA
2025-06-19 15:01:10,538 [INFO] Datos JSON preparados para envío
2025-06-19 15:01:11,593 [INFO] Lectura BMP390
2025-06-19 15:01:11,773 [INFO] Lectura LTR390
2025-06-19 15:01:11,780 [INFO] Lectura desde ESP32-S3 por serial
2025-06-19 15:01:15,755 [INFO] Lectura datos climáticos NASA
2025-06-19 15:01:15,757 [INFO] Datos JSON preparados para envío
2025-06-19 15:01:16,807 [INFO] Lectura BMP390
2025-06-19 15:01:16,987 [INFO] Lectura LTR390
2025-06-19 15:01:16,992 [INFO] Lectura desde ESP32-S3 por serial
2025-06-19 15:01:20,851 [INFO] Lectura datos climáticos NASA
2025-06-19 15:01:20,854 [INFO] Datos JSON preparados para envío
2025-06-19 15:01:21,912 [INFO] Lectura BMP390
2025-06-19 15:01:22,095 [INFO] Lectura LTR390
2025-06-19 15:01:22,101 [INFO] Lectura desde ESP32-S3 por serial
2025-06-19 15:01:26,585 [INFO] Lectura datos climáticos NASA
2025-06-19 15:01:26,588 [INFO] Datos JSON preparados para envío
2025-06-19 15:01:27,639 [INFO] Lectura BMP390
2025-06-19 15:01:27,819 [INFO] Lectura LTR390
2025-06-19 15:01:27,822 [INFO] Lectura desde ESP32-S3 por serial
2025-06-19 15:01:32,042 [INFO] Lectura datos climáticos NASA
2025-06-19 15:01:32,046 [INFO] Datos JSON preparados para envío
2025-06-19 15:01:33,100 [INFO] Lectura BMP390
2025-06-19 15:01:33,282 [INFO] Lectura LTR390
2025-06-19 15:01:33,290 [INFO] Lectura desde ESP32-S3 por serial
2025-06-19 15:01:36,868 [INFO] Lectura datos climáticos NASA
2025-06-19 15:01:36,871 [INFO] Datos JSON preparados para envío
2025-06-19 15:01:37,926 [INFO] Lectura BMP390
2025-06-19 15:01:38,111 [INFO] Lectura LTR390
2025-06-19 15:01:38,117 [INFO] Lectura desde ESP32-S3 por serial
2025-06-19 15:01:41,872 [INFO] Lectura datos climáticos NASA
2025-06-19 15:01:41,875 [INFO] Datos JSON preparados para envío
2025-06-19 15:01:42,927 [INFO] Lectura BMP390
2025-06-19 15:01:43,110 [INFO] Lectura LTR390
2025-06-19 15:01:43,117 [INFO] Lectura desde ESP32-S3 por serial
2025-06-19 15:01:46,386 [INFO] Lectura datos climáticos NASA
2025-06-19 15:01:46,389 [INFO] Datos JSON preparados para envío
2025-06-19 15:01:47,447 [INFO] Lectura BMP390
2025-06-19 15:01:47,627 [INFO] Lectura LTR390
2025-06-19 15:01:47,633 [INFO] Lectura desde ESP32-S3 por serial
2025-06-19 15:01:51,728 [INFO] Lectura datos climáticos NASA
2025-06-19 15:01:51,731 [INFO] Datos JSON preparados para envío
2025-06-19 15:01:52,780 [INFO] Lectura BMP390
2025-06-19 15:01:52,956 [INFO] Lectura LTR390
2025-06-19 15:01:52,960 [INFO] Lectura desde ESP32-S3 por serial
2025-06-19 15:01:56,773 [INFO] Lectura datos climáticos NASA
2025-06-19 15:01:56,784 [INFO] Datos JSON preparados para envío
2025-06-19 15:01:57,838 [INFO] Lectura BMP390
2025-06-19 15:01:58,017 [INFO] Lectura LTR390
2025-06-19 15:01:58,024 [INFO] Lectura desde ESP32-S3 por serial
2025-06-19 15:02:02,457 [INFO] Lectura datos climáticos NASA
2025-06-19 15:02:02,460 [INFO] Datos JSON preparados para envío
2025-06-19 15:02:03,513 [INFO] Lectura BMP390
2025-06-19 15:02:03,691 [INFO] Lectura LTR390
2025-06-19 15:02:03,697 [INFO] Lectura desde ESP32-S3 por serial
2025-06-19 15:02:06,929 [INFO] Lectura datos climáticos NASA
2025-06-19 15:02:06,932 [INFO] Datos JSON preparados para envío
2025-06-19 15:02:07,985 [INFO] Lectura BMP390
2025-06-19 15:02:08,167 [INFO] Lectura LTR390
2025-06-19 15:02:08,171 [INFO] Lectura desde ESP32-S3 por serial
2025-06-19 15:02:12,313 [INFO] Lectura datos climáticos NASA
2025-06-19 15:02:12,316 [INFO] Datos JSON preparados para envío
2025-06-19 15:02:13,369 [INFO] Lectura BMP390
2025-06-19 15:02:13,549 [INFO] Lectura LTR390
2025-06-19 15:02:13,554 [INFO] Lectura desde ESP32-S3 por serial
2025-06-19 15:02:17,593 [INFO] Lectura datos climáticos NASA
2025-06-19 15:02:17,595 [INFO] Datos JSON preparados para envío
2025-06-19 15:02:18,647 [INFO] Lectura BMP390
2025-06-19 15:02:18,841 [INFO] Lectura LTR390
2025-06-19 15:02:18,846 [INFO] Lectura desde ESP32-S3 por serial
2025-06-19 15:02:22,371 [INFO] Lectura datos climáticos NASA
2025-06-19 15:02:22,374 [INFO] Datos JSON preparados para envío
2025-06-19 15:02:23,427 [INFO] Lectura BMP390
2025-06-19 15:02:23,608 [INFO] Lectura LTR390
2025-06-19 15:02:23,614 [INFO] Lectura desde ESP32-S3 por serial
2025-06-19 15:02:27,413 [INFO] Lectura datos climáticos NASA
2025-06-19 15:02:27,416 [INFO] Datos JSON preparados para envío
2025-06-19 15:02:28,467 [INFO] Lectura BMP390
2025-06-19 15:02:28,645 [INFO] Lectura LTR390
2025-06-19 15:02:28,648 [INFO] Lectura desde ESP32-S3 por serial
2025-06-19 15:02:32,990 [INFO] Lectura datos climáticos NASA
2025-06-19 15:02:32,992 [INFO] Datos JSON preparados para envío
2025-06-19 15:02:34,044 [INFO] Lectura BMP390
2025-06-19 15:02:34,223 [INFO] Lectura LTR390
2025-06-19 15:02:34,228 [INFO] Lectura desde ESP32-S3 por serial
2025-06-19 15:02:37,580 [INFO] Lectura datos climáticos NASA
2025-06-19 15:02:37,582 [INFO] Datos JSON preparados para envío
2025-06-19 15:02:38,634 [INFO] Lectura BMP390
2025-06-19 15:02:38,820 [INFO] Lectura LTR390
2025-06-19 15:02:38,826 [INFO] Lectura desde ESP32-S3 por serial
2025-06-19 15:02:42,388 [INFO] Lectura datos climáticos NASA
2025-06-19 15:02:42,391 [INFO] Datos JSON preparados para envío
2025-06-19 15:02:43,446 [INFO] Lectura BMP390
2025-06-19 15:02:43,626 [INFO] Lectura LTR390
2025-06-19 15:02:43,632 [INFO] Lectura desde ESP32-S3 por serial
2025-06-19 15:02:47,247 [INFO] Lectura datos climáticos NASA
2025-06-19 15:02:47,250 [INFO] Datos JSON preparados para envío
2025-06-19 15:02:48,306 [INFO] Lectura BMP390
2025-06-19 15:02:48,488 [INFO] Lectura LTR390
2025-06-19 15:02:48,495 [INFO] Lectura desde ESP32-S3 por serial
2025-06-19 15:02:52,217 [INFO] Lectura datos climáticos NASA
2025-06-19 15:02:52,220 [INFO] Datos JSON preparados para envío
2025-06-19 15:02:53,270 [INFO] Lectura BMP390
2025-06-19 15:02:53,447 [INFO] Lectura LTR390
2025-06-19 15:02:53,450 [INFO] Lectura desde ESP32-S3 por serial
2025-06-19 15:03:01,479 [INFO] Lectura datos climáticos NASA
2025-06-19 15:03:01,480 [INFO] Datos JSON preparados para envío
2025-06-19 15:03:02,534 [INFO] Lectura BMP390
2025-06-19 15:03:02,713 [INFO] Lectura LTR390
2025-06-19 15:03:02,716 [INFO] Lectura desde ESP32-S3 por serial
2025-06-19 15:03:06,654 [INFO] Lectura datos climáticos NASA
2025-06-19 15:03:06,656 [INFO] Datos JSON preparados para envío
2025-06-19 15:03:07,707 [INFO] Lectura BMP390
2025-06-19 15:03:07,886 [INFO] Lectura LTR390
2025-06-19 15:03:07,889 [INFO] Lectura desde ESP32-S3 por serial
2025-06-19 15:03:11,569 [INFO] Lectura datos climáticos NASA
2025-06-19 15:03:11,571 [INFO] Datos JSON preparados para envío
2025-06-19 15:03:12,621 [INFO] Lectura BMP390
2025-06-19 15:03:12,802 [INFO] Lectura LTR390
2025-06-19 15:03:12,805 [INFO] Lectura desde ESP32-S3 por serial
2025-06-19 15:03:17,713 [INFO] Lectura datos climáticos NASA
2025-06-19 15:03:17,715 [INFO] Datos JSON preparados para envío
