2025-05-17 19:00:18,636 [INFO] Inicio del sistema
2025-05-17 19:00:18,766 [ERROR] Error al leer el sensor SCD30
2025-05-17 19:00:19,898 [ERROR] Error al leer el sensor SCD30
2025-05-17 19:00:24,460 [ERROR] Error al leer el sensor SCD30
2025-05-17 19:00:28,917 [ERROR] Error al leer el sensor SCD30
2025-05-17 19:00:33,296 [ERROR] Error al leer el sensor SCD30
2025-05-17 19:00:37,974 [ERROR] Error al leer el sensor SCD30
2025-05-17 19:00:42,746 [ERROR] Error al leer el sensor SCD30
2025-05-17 19:00:46,884 [ERROR] Error al leer el sensor SCD30
2025-05-17 19:00:52,168 [ERROR] Error al leer el sensor SCD30
2025-05-17 19:00:56,369 [ERROR] Error al leer el sensor SCD30
2025-05-17 19:01:18,563 [INFO] Inicio del sistema
2025-05-17 19:01:18,697 [ERROR] Error al leer el sensor SCD30
2025-05-17 19:01:19,832 [ERROR] Error al leer el sensor SCD30
2025-05-17 19:01:24,674 [ERROR] Error al leer el sensor SCD30
2025-05-17 19:01:28,867 [ERROR] Error al leer el sensor SCD30
2025-05-17 19:01:32,989 [ERROR] Error al leer el sensor SCD30
2025-05-17 19:06:23,449 [INFO] Inicio del sistema
2025-05-17 19:06:23,450 [INFO] Inicio de lecturas, sensores y GPS
2025-05-17 19:06:23,500 [INFO] Lectura BMP390
2025-05-17 19:06:23,569 [INFO] Lectura LTR390
2025-05-17 19:06:23,584 [ERROR] Error al leer el sensor SCD30
2025-05-17 19:06:23,587 [WARNING] GPS sin señal
2025-05-17 19:06:24,637 [INFO] Lectura BMP390
2025-05-17 19:06:24,707 [INFO] Lectura LTR390
2025-05-17 19:06:24,724 [ERROR] Error al leer el sensor SCD30
2025-05-17 19:06:27,873 [INFO] Lectura datos climáticos NASA
2025-05-17 19:06:28,924 [INFO] Lectura BMP390
2025-05-17 19:06:28,993 [INFO] Lectura LTR390
2025-05-17 19:06:29,008 [ERROR] Error al leer el sensor SCD30
2025-05-17 19:06:33,016 [INFO] Lectura datos climáticos NASA
2025-05-17 19:06:34,069 [INFO] Lectura BMP390
2025-05-17 19:06:34,137 [INFO] Lectura LTR390
2025-05-17 19:06:34,151 [ERROR] Error al leer el sensor SCD30
2025-05-17 19:06:37,492 [INFO] Lectura datos climáticos NASA
2025-05-17 19:06:38,555 [INFO] Lectura BMP390
2025-05-17 19:06:38,623 [INFO] Lectura LTR390
2025-05-17 19:06:38,638 [ERROR] Error al leer el sensor SCD30
2025-05-17 19:06:41,765 [INFO] Lectura datos climáticos NASA
