2025-05-20 14:54:12,426 [INFO] Inicio del sistema
2025-05-20 14:54:13,547 [INFO] Lectura BMP390
2025-05-20 14:54:13,758 [INFO] Lectura LTR390
2025-05-20 14:54:13,758 [ERROR] Error al leer SCD30
2025-05-20 14:54:13,760 [WARNING] GPS sin señal
2025-05-20 14:54:13,771 [INFO] Datos JSON preparados para envío
2025-05-20 14:54:14,827 [INFO] Lectura BMP390
2025-05-20 14:54:15,015 [INFO] Lectura LTR390
2025-05-20 14:54:15,016 [ERROR] Error al leer SCD30
2025-05-20 14:54:18,624 [INFO] Lectura datos climáticos NASA
2025-05-20 14:54:18,637 [INFO] Datos JSON preparados para envío
2025-05-20 14:54:19,689 [INFO] Lectura BMP390
2025-05-20 14:54:19,873 [INFO] Lectura LTR390
2025-05-20 14:54:19,876 [ERROR] Error al leer SCD30
2025-05-20 14:54:23,209 [INFO] Lectura datos climáticos NASA
2025-05-20 14:54:23,211 [INFO] Datos JSON preparados para envío
2025-05-20 14:54:24,266 [INFO] Lectura BMP390
2025-05-20 14:54:24,451 [INFO] Lectura LTR390
2025-05-20 14:54:24,453 [ERROR] Error al leer SCD30
2025-05-20 14:54:28,398 [INFO] Lectura datos climáticos NASA
2025-05-20 14:54:28,405 [INFO] Datos JSON preparados para envío
2025-05-20 14:54:29,459 [INFO] Lectura BMP390
2025-05-20 14:54:29,639 [INFO] Lectura LTR390
2025-05-20 14:54:29,642 [ERROR] Error al leer SCD30
2025-05-20 14:54:32,712 [INFO] Lectura datos climáticos NASA
2025-05-20 14:54:32,719 [INFO] Datos JSON preparados para envío
2025-05-20 14:54:33,772 [INFO] Lectura BMP390
2025-05-20 14:54:33,954 [INFO] Lectura LTR390
2025-05-20 14:54:33,955 [ERROR] Error al leer SCD30
2025-05-20 14:54:37,247 [INFO] Lectura datos climáticos NASA
2025-05-20 14:54:37,251 [INFO] Datos JSON preparados para envío
2025-05-20 14:54:38,304 [INFO] Lectura BMP390
2025-05-20 14:54:38,489 [INFO] Lectura LTR390
2025-05-20 14:54:38,490 [ERROR] Error al leer SCD30
2025-05-20 14:54:41,552 [INFO] Lectura datos climáticos NASA
2025-05-20 14:54:41,556 [INFO] Datos JSON preparados para envío
2025-05-20 14:54:42,608 [INFO] Lectura BMP390
2025-05-20 14:54:42,787 [INFO] Lectura LTR390
2025-05-20 14:54:42,788 [ERROR] Error al leer SCD30
2025-05-20 14:54:45,665 [INFO] Lectura datos climáticos NASA
2025-05-20 14:54:45,670 [INFO] Datos JSON preparados para envío
2025-05-20 14:54:46,721 [INFO] Lectura BMP390
2025-05-20 14:54:46,901 [INFO] Lectura LTR390
2025-05-20 14:54:46,903 [ERROR] Error al leer SCD30
2025-05-20 14:58:23,068 [INFO] Inicio del sistema
2025-05-20 14:58:24,288 [INFO] Lectura BMP390
2025-05-20 14:58:24,501 [INFO] Lectura LTR390
2025-05-20 14:58:24,517 [ERROR] Error al leer SCD30
2025-05-20 14:58:24,520 [WARNING] GPS sin señal
2025-05-20 14:58:24,522 [INFO] Datos JSON preparados para envío
2025-05-20 14:58:25,575 [INFO] Lectura BMP390
2025-05-20 14:58:25,755 [INFO] Lectura LTR390
2025-05-20 14:58:25,771 [ERROR] Error al leer SCD30
2025-05-20 14:58:25,774 [WARNING] GPS sin señal
2025-05-20 14:58:25,776 [INFO] Datos JSON preparados para envío
2025-05-20 14:58:26,833 [INFO] Lectura BMP390
2025-05-20 14:58:27,011 [INFO] Lectura LTR390
2025-05-20 14:58:27,026 [ERROR] Error al leer SCD30
2025-05-20 14:58:30,891 [INFO] Lectura datos climáticos NASA
2025-05-20 14:58:30,894 [INFO] Datos JSON preparados para envío
2025-05-20 14:58:31,944 [INFO] Lectura BMP390
2025-05-20 14:58:32,121 [INFO] Lectura LTR390
2025-05-20 14:58:32,136 [ERROR] Error al leer SCD30
2025-05-20 14:58:35,906 [INFO] Lectura datos climáticos NASA
2025-05-20 14:58:35,910 [INFO] Datos JSON preparados para envío
2025-05-20 14:58:36,960 [INFO] Lectura BMP390
2025-05-20 14:58:37,136 [INFO] Lectura LTR390
2025-05-20 14:58:37,151 [ERROR] Error al leer SCD30
2025-05-20 14:58:40,001 [INFO] Lectura datos climáticos NASA
2025-05-20 14:58:40,004 [INFO] Datos JSON preparados para envío
2025-05-20 14:58:41,057 [INFO] Lectura BMP390
2025-05-20 14:58:41,238 [INFO] Lectura LTR390
2025-05-20 14:58:41,253 [ERROR] Error al leer SCD30
2025-05-20 14:58:43,918 [INFO] Lectura datos climáticos NASA
2025-05-20 14:58:43,922 [INFO] Datos JSON preparados para envío
2025-05-20 14:58:44,975 [INFO] Lectura BMP390
2025-05-20 14:58:45,155 [INFO] Lectura LTR390
2025-05-20 14:58:45,170 [ERROR] Error al leer SCD30
2025-05-20 14:58:48,057 [INFO] Lectura datos climáticos NASA
2025-05-20 14:58:48,063 [INFO] Datos JSON preparados para envío
2025-05-20 14:58:49,115 [INFO] Lectura BMP390
2025-05-20 14:58:49,296 [INFO] Lectura LTR390
2025-05-20 14:58:49,312 [ERROR] Error al leer SCD30
2025-05-20 14:58:52,613 [INFO] Lectura datos climáticos NASA
2025-05-20 14:58:52,616 [INFO] Datos JSON preparados para envío
2025-05-20 14:58:53,669 [INFO] Lectura BMP390
2025-05-20 14:58:53,849 [INFO] Lectura LTR390
2025-05-20 14:58:53,866 [ERROR] Error al leer SCD30
2025-05-20 14:58:57,173 [INFO] Lectura datos climáticos NASA
2025-05-20 14:58:57,176 [INFO] Datos JSON preparados para envío
2025-05-20 14:58:58,229 [INFO] Lectura BMP390
2025-05-20 14:58:58,409 [INFO] Lectura LTR390
2025-05-20 14:58:58,424 [ERROR] Error al leer SCD30
2025-05-20 14:59:01,778 [INFO] Lectura datos climáticos NASA
2025-05-20 14:59:01,782 [INFO] Datos JSON preparados para envío
2025-05-20 14:59:02,835 [INFO] Lectura BMP390
2025-05-20 14:59:03,018 [INFO] Lectura LTR390
2025-05-20 14:59:03,036 [ERROR] Error al leer SCD30
2025-05-20 14:59:05,959 [INFO] Lectura datos climáticos NASA
2025-05-20 14:59:05,962 [INFO] Datos JSON preparados para envío
2025-05-20 14:59:07,012 [INFO] Lectura BMP390
2025-05-20 14:59:07,189 [INFO] Lectura LTR390
2025-05-20 14:59:07,203 [ERROR] Error al leer SCD30
2025-05-20 14:59:10,500 [INFO] Lectura datos climáticos NASA
2025-05-20 14:59:10,503 [INFO] Datos JSON preparados para envío
2025-05-20 14:59:11,555 [INFO] Lectura BMP390
2025-05-20 14:59:11,737 [INFO] Lectura LTR390
2025-05-20 14:59:11,755 [ERROR] Error al leer SCD30
2025-05-20 14:59:15,281 [INFO] Lectura datos climáticos NASA
2025-05-20 14:59:15,284 [INFO] Datos JSON preparados para envío
2025-05-20 14:59:16,337 [INFO] Lectura BMP390
2025-05-20 14:59:16,517 [INFO] Lectura LTR390
2025-05-20 14:59:16,533 [ERROR] Error al leer SCD30
2025-05-20 14:59:19,547 [INFO] Lectura datos climáticos NASA
2025-05-20 14:59:19,551 [INFO] Datos JSON preparados para envío
2025-05-20 14:59:20,603 [INFO] Lectura BMP390
2025-05-20 14:59:20,784 [INFO] Lectura LTR390
2025-05-20 14:59:20,800 [ERROR] Error al leer SCD30
2025-05-20 14:59:24,576 [INFO] Lectura datos climáticos NASA
2025-05-20 14:59:24,580 [INFO] Datos JSON preparados para envío
2025-05-20 14:59:25,633 [INFO] Lectura BMP390
2025-05-20 14:59:25,813 [INFO] Lectura LTR390
2025-05-20 14:59:25,829 [ERROR] Error al leer SCD30
2025-05-20 17:54:28,320 [INFO] Inicio del sistema
2025-05-20 17:54:29,434 [INFO] Lectura BMP390
2025-05-20 17:54:29,647 [INFO] Lectura LTR390
2025-05-20 17:54:29,648 [ERROR] Error al leer SCD30
2025-05-20 17:54:29,669 [WARNING] GPS sin señal
2025-05-20 17:54:29,682 [INFO] Datos JSON preparados para envío
2025-05-20 17:55:43,980 [INFO] Inicio del sistema
2025-05-20 17:55:45,093 [INFO] Lectura BMP390
2025-05-20 17:55:45,305 [INFO] Lectura LTR390
2025-05-20 17:55:45,306 [ERROR] Error al leer SCD30
2025-05-20 17:55:49,359 [INFO] Lectura datos climáticos NASA
2025-05-20 17:55:49,365 [INFO] Datos JSON preparados para envío
2025-05-20 18:02:00,908 [INFO] Inicio del sistema
2025-05-20 18:02:02,030 [INFO] Lectura BMP390
2025-05-20 18:02:02,242 [INFO] Lectura LTR390
2025-05-20 18:02:02,243 [ERROR] Error al leer SCD30
2025-05-20 18:02:05,517 [INFO] Lectura datos climáticos NASA
2025-05-20 18:02:05,520 [INFO] Datos JSON preparados para envío
2025-05-20 18:10:44,806 [INFO] Inicio del sistema
2025-05-20 18:10:45,923 [INFO] Lectura BMP390
2025-05-20 18:10:46,139 [INFO] Lectura LTR390
2025-05-20 18:11:25,874 [INFO] Inicio del sistema
2025-05-20 18:11:53,285 [INFO] Inicio del sistema
2025-05-20 18:15:59,858 [INFO] Inicio del sistema
2025-05-20 18:16:00,984 [INFO] Lectura BMP390
2025-05-20 18:16:01,197 [INFO] Lectura LTR390
2025-05-20 18:18:46,055 [INFO] Inicio del sistema
2025-05-20 18:18:47,171 [INFO] Lectura BMP390
2025-05-20 18:18:47,385 [INFO] Lectura LTR390
2025-05-20 18:19:52,726 [INFO] Inicio del sistema
2025-05-20 18:19:53,839 [INFO] Lectura BMP390
2025-05-20 18:19:54,052 [INFO] Lectura LTR390
2025-05-20 18:19:54,055 [ERROR] Error parseando línea serial: Extra data: line 1 column 8 (char 7)
2025-05-20 18:19:54,058 [WARNING] GPS sin señal
2025-05-20 18:19:54,060 [INFO] Datos JSON preparados para envío
2025-05-20 18:19:55,113 [INFO] Lectura BMP390
2025-05-20 18:19:55,293 [INFO] Lectura LTR390
2025-05-20 18:19:55,296 [ERROR] Error parseando línea serial: Expecting value: line 1 column 1 (char 0)
2025-05-20 18:19:58,846 [INFO] Lectura datos climáticos NASA
2025-05-20 18:19:58,849 [INFO] Datos JSON preparados para envío
2025-05-20 18:19:59,902 [INFO] Lectura BMP390
2025-05-20 18:20:00,082 [INFO] Lectura LTR390
2025-05-20 18:20:00,086 [ERROR] Error parseando línea serial: Expecting value: line 1 column 1 (char 0)
2025-05-20 18:20:03,515 [INFO] Lectura datos climáticos NASA
2025-05-20 18:20:03,521 [INFO] Datos JSON preparados para envío
2025-05-20 18:20:04,574 [INFO] Lectura BMP390
2025-05-20 18:20:04,755 [INFO] Lectura LTR390
2025-05-20 18:20:07,271 [INFO] Lectura datos climáticos NASA
2025-05-20 18:20:07,277 [INFO] Datos JSON preparados para envío
2025-05-20 18:20:08,332 [INFO] Lectura BMP390
2025-05-20 18:20:08,512 [INFO] Lectura LTR390
2025-05-20 18:20:08,515 [ERROR] Error parseando línea serial: Expecting value: line 1 column 1 (char 0)
2025-05-20 18:20:11,799 [INFO] Lectura datos climáticos NASA
2025-05-20 18:20:11,804 [INFO] Datos JSON preparados para envío
2025-05-20 18:20:12,857 [INFO] Lectura BMP390
2025-05-20 18:20:13,038 [INFO] Lectura LTR390
2025-05-20 18:20:16,891 [INFO] Lectura datos climáticos NASA
2025-05-20 18:20:16,894 [INFO] Datos JSON preparados para envío
2025-05-20 18:20:17,947 [INFO] Lectura BMP390
2025-05-20 18:20:18,127 [INFO] Lectura LTR390
2025-05-20 18:20:18,129 [ERROR] Error parseando línea serial: Expecting value: line 1 column 1 (char 0)
2025-05-20 18:20:21,622 [INFO] Lectura datos climáticos NASA
2025-05-20 18:20:21,624 [INFO] Datos JSON preparados para envío
2025-05-20 18:20:22,677 [INFO] Lectura BMP390
2025-05-20 18:20:22,861 [INFO] Lectura LTR390
2025-05-20 18:20:22,865 [ERROR] Error parseando línea serial: Expecting value: line 1 column 1 (char 0)
2025-05-20 18:20:26,024 [INFO] Lectura datos climáticos NASA
2025-05-20 18:20:26,028 [INFO] Datos JSON preparados para envío
2025-05-20 18:20:27,081 [INFO] Lectura BMP390
2025-05-20 18:20:27,267 [INFO] Lectura LTR390
2025-05-20 18:20:27,269 [ERROR] Error parseando línea serial: Expecting value: line 1 column 1 (char 0)
2025-05-20 18:24:01,126 [INFO] Inicio del sistema
2025-05-20 18:24:02,251 [INFO] Lectura BMP390
2025-05-20 18:24:02,470 [INFO] Lectura LTR390
2025-05-20 18:24:03,165 [ERROR] Error parseando línea serial: Expecting value: line 1 column 1 (char 0)
2025-05-20 18:24:06,723 [INFO] Lectura datos climáticos NASA
2025-05-20 18:24:06,732 [INFO] Datos JSON preparados para envío
2025-05-20 18:24:07,794 [INFO] Lectura BMP390
2025-05-20 18:24:07,977 [INFO] Lectura LTR390
2025-05-20 18:24:07,979 [ERROR] Error parseando línea serial: 'float' object has no attribute 'get'
2025-05-20 18:24:10,781 [INFO] Lectura datos climáticos NASA
2025-05-20 18:24:10,787 [INFO] Datos JSON preparados para envío
2025-05-20 18:24:11,847 [INFO] Lectura BMP390
2025-05-20 18:24:12,027 [INFO] Lectura LTR390
2025-05-20 18:24:12,033 [ERROR] Error parseando línea serial: 'float' object has no attribute 'get'
2025-05-20 18:24:15,777 [INFO] Lectura datos climáticos NASA
2025-05-20 18:24:15,779 [INFO] Datos JSON preparados para envío
2025-05-20 18:24:16,847 [INFO] Lectura BMP390
2025-05-20 18:24:17,034 [INFO] Lectura LTR390
2025-05-20 18:24:17,035 [ERROR] Error parseando línea serial: 'float' object has no attribute 'get'
2025-05-20 18:24:20,367 [INFO] Lectura datos climáticos NASA
2025-05-20 18:24:20,370 [INFO] Datos JSON preparados para envío
2025-05-20 18:24:21,422 [INFO] Lectura BMP390
2025-05-20 18:24:21,602 [INFO] Lectura LTR390
2025-05-20 18:24:21,604 [ERROR] Error parseando línea serial: 'float' object has no attribute 'get'
2025-05-20 18:24:24,107 [INFO] Lectura datos climáticos NASA
2025-05-20 18:24:24,115 [INFO] Datos JSON preparados para envío
2025-05-20 18:24:25,169 [INFO] Lectura BMP390
2025-05-20 18:24:25,349 [INFO] Lectura LTR390
2025-05-20 18:24:25,351 [ERROR] Error parseando línea serial: 'float' object has no attribute 'get'
2025-05-20 18:24:28,906 [INFO] Lectura datos climáticos NASA
2025-05-20 18:24:28,910 [INFO] Datos JSON preparados para envío
2025-05-20 18:24:29,960 [INFO] Lectura BMP390
2025-05-20 18:24:30,139 [INFO] Lectura LTR390
2025-05-20 18:24:30,142 [ERROR] Error parseando línea serial: 'float' object has no attribute 'get'
2025-05-20 18:24:33,100 [INFO] Lectura datos climáticos NASA
2025-05-20 18:24:33,115 [INFO] Datos JSON preparados para envío
2025-05-20 18:24:34,167 [INFO] Lectura BMP390
2025-05-20 18:24:34,354 [INFO] Lectura LTR390
2025-05-20 18:24:34,356 [ERROR] Error parseando línea serial: 'float' object has no attribute 'get'
2025-05-20 18:24:37,113 [INFO] Lectura datos climáticos NASA
2025-05-20 18:24:37,115 [INFO] Datos JSON preparados para envío
2025-05-20 18:24:38,167 [INFO] Lectura BMP390
2025-05-20 18:24:38,347 [INFO] Lectura LTR390
2025-05-20 18:24:38,349 [ERROR] Error parseando línea serial: 'float' object has no attribute 'get'
2025-05-20 18:24:41,147 [INFO] Lectura datos climáticos NASA
2025-05-20 18:24:41,149 [INFO] Datos JSON preparados para envío
2025-05-20 18:24:42,200 [INFO] Lectura BMP390
2025-05-20 18:24:42,380 [INFO] Lectura LTR390
2025-05-20 18:24:42,382 [ERROR] Error parseando línea serial: 'float' object has no attribute 'get'
2025-05-20 18:24:46,259 [INFO] Lectura datos climáticos NASA
2025-05-20 18:24:46,266 [INFO] Datos JSON preparados para envío
2025-05-20 18:24:47,326 [INFO] Lectura BMP390
2025-05-20 18:24:47,508 [INFO] Lectura LTR390
2025-05-20 18:24:47,509 [ERROR] Error parseando línea serial: 'float' object has no attribute 'get'
2025-05-20 18:24:50,944 [INFO] Lectura datos climáticos NASA
2025-05-20 18:24:50,946 [INFO] Datos JSON preparados para envío
2025-05-20 18:24:51,997 [INFO] Lectura BMP390
2025-05-20 18:24:52,178 [INFO] Lectura LTR390
2025-05-20 18:24:52,180 [ERROR] Error parseando línea serial: 'float' object has no attribute 'get'
2025-05-20 18:24:55,463 [INFO] Lectura datos climáticos NASA
2025-05-20 18:24:55,468 [INFO] Datos JSON preparados para envío
2025-05-20 18:24:56,518 [INFO] Lectura BMP390
2025-05-20 18:24:56,699 [INFO] Lectura LTR390
2025-05-20 18:24:56,701 [ERROR] Error parseando línea serial: 'float' object has no attribute 'get'
2025-05-20 18:24:59,948 [INFO] Lectura datos climáticos NASA
2025-05-20 18:24:59,951 [INFO] Datos JSON preparados para envío
2025-05-20 18:25:01,004 [INFO] Lectura BMP390
2025-05-20 18:25:01,193 [INFO] Lectura LTR390
2025-05-20 18:25:01,195 [ERROR] Error parseando línea serial: 'float' object has no attribute 'get'
2025-05-20 18:25:05,494 [INFO] Lectura datos climáticos NASA
2025-05-20 18:25:05,498 [INFO] Datos JSON preparados para envío
2025-05-20 18:25:06,552 [INFO] Lectura BMP390
2025-05-20 18:25:06,733 [INFO] Lectura LTR390
2025-05-20 18:25:06,735 [ERROR] Error parseando línea serial: 'float' object has no attribute 'get'
2025-05-20 18:25:10,358 [INFO] Lectura datos climáticos NASA
2025-05-20 18:25:10,361 [INFO] Datos JSON preparados para envío
2025-05-20 18:25:11,414 [INFO] Lectura BMP390
2025-05-20 18:25:11,600 [INFO] Lectura LTR390
2025-05-20 18:25:11,602 [ERROR] Error parseando línea serial: 'float' object has no attribute 'get'
2025-05-20 18:25:14,994 [INFO] Lectura datos climáticos NASA
2025-05-20 18:25:14,996 [INFO] Datos JSON preparados para envío
2025-05-20 18:25:16,048 [INFO] Lectura BMP390
2025-05-20 18:25:16,235 [INFO] Lectura LTR390
2025-05-20 18:25:19,844 [INFO] Lectura datos climáticos NASA
2025-05-20 18:25:19,846 [INFO] Datos JSON preparados para envío
2025-05-20 18:25:20,897 [INFO] Lectura BMP390
2025-05-20 18:25:21,076 [INFO] Lectura LTR390
2025-05-20 18:25:23,808 [INFO] Lectura datos climáticos NASA
2025-05-20 18:25:23,810 [INFO] Datos JSON preparados para envío
2025-05-20 18:25:24,861 [INFO] Lectura BMP390
2025-05-20 18:25:25,042 [INFO] Lectura LTR390
2025-05-20 18:25:28,825 [INFO] Lectura datos climáticos NASA
2025-05-20 18:25:28,827 [INFO] Datos JSON preparados para envío
2025-05-20 18:25:29,878 [INFO] Lectura BMP390
2025-05-20 18:25:30,059 [INFO] Lectura LTR390
2025-05-20 18:25:34,470 [INFO] Lectura datos climáticos NASA
2025-05-20 18:25:34,486 [INFO] Datos JSON preparados para envío
2025-05-20 18:25:35,541 [INFO] Lectura BMP390
2025-05-20 18:25:35,725 [INFO] Lectura LTR390
2025-05-20 18:25:39,098 [INFO] Lectura datos climáticos NASA
2025-05-20 18:25:39,103 [INFO] Datos JSON preparados para envío
2025-05-20 18:25:40,166 [INFO] Lectura BMP390
2025-05-20 18:25:40,355 [INFO] Lectura LTR390
2025-05-20 18:25:43,753 [INFO] Lectura datos climáticos NASA
2025-05-20 18:25:43,765 [INFO] Datos JSON preparados para envío
2025-05-20 18:25:44,829 [INFO] Lectura BMP390
2025-05-20 18:25:45,006 [INFO] Lectura LTR390
2025-05-20 18:25:47,907 [INFO] Lectura datos climáticos NASA
2025-05-20 18:25:47,911 [INFO] Datos JSON preparados para envío
2025-05-20 18:25:48,964 [INFO] Lectura BMP390
2025-05-20 18:25:49,144 [INFO] Lectura LTR390
2025-05-20 18:25:52,683 [INFO] Lectura datos climáticos NASA
2025-05-20 18:25:52,686 [INFO] Datos JSON preparados para envío
2025-05-20 18:25:53,739 [INFO] Lectura BMP390
2025-05-20 18:25:53,919 [INFO] Lectura LTR390
2025-05-20 18:25:57,416 [INFO] Lectura datos climáticos NASA
2025-05-20 18:25:57,418 [INFO] Datos JSON preparados para envío
2025-05-20 18:25:58,470 [INFO] Lectura BMP390
2025-05-20 18:25:58,651 [INFO] Lectura LTR390
2025-05-20 18:26:02,068 [INFO] Lectura datos climáticos NASA
2025-05-20 18:26:02,070 [INFO] Datos JSON preparados para envío
2025-05-20 18:26:03,121 [INFO] Lectura BMP390
2025-05-20 18:26:03,301 [INFO] Lectura LTR390
2025-05-20 18:26:06,841 [INFO] Lectura datos climáticos NASA
2025-05-20 18:26:06,845 [INFO] Datos JSON preparados para envío
2025-05-20 18:26:07,898 [INFO] Lectura BMP390
2025-05-20 18:26:08,081 [INFO] Lectura LTR390
2025-05-20 18:26:11,037 [INFO] Lectura datos climáticos NASA
2025-05-20 18:26:11,044 [INFO] Datos JSON preparados para envío
2025-05-20 18:26:12,096 [INFO] Lectura BMP390
2025-05-20 18:26:12,272 [INFO] Lectura LTR390
2025-05-20 18:26:15,695 [INFO] Lectura datos climáticos NASA
2025-05-20 18:26:15,698 [INFO] Datos JSON preparados para envío
2025-05-20 18:26:16,750 [INFO] Lectura BMP390
2025-05-20 18:26:16,927 [INFO] Lectura LTR390
2025-05-20 18:26:20,300 [INFO] Lectura datos climáticos NASA
2025-05-20 18:26:20,304 [INFO] Datos JSON preparados para envío
2025-05-20 18:26:21,357 [INFO] Lectura BMP390
2025-05-20 18:26:21,537 [INFO] Lectura LTR390
2025-05-20 18:26:25,313 [INFO] Lectura datos climáticos NASA
2025-05-20 18:26:25,316 [INFO] Datos JSON preparados para envío
2025-05-20 18:26:26,370 [INFO] Lectura BMP390
2025-05-20 18:26:26,550 [INFO] Lectura LTR390
2025-05-20 18:26:29,697 [INFO] Lectura datos climáticos NASA
2025-05-20 18:26:29,701 [INFO] Datos JSON preparados para envío
2025-05-20 18:26:30,754 [INFO] Lectura BMP390
2025-05-20 18:26:30,934 [INFO] Lectura LTR390
2025-05-20 18:26:34,660 [INFO] Lectura datos climáticos NASA
2025-05-20 18:26:34,664 [INFO] Datos JSON preparados para envío
2025-05-20 18:26:35,717 [INFO] Lectura BMP390
2025-05-20 18:26:35,897 [INFO] Lectura LTR390
2025-05-20 18:26:39,222 [INFO] Lectura datos climáticos NASA
2025-05-20 18:26:39,225 [INFO] Datos JSON preparados para envío
2025-05-20 18:26:40,278 [INFO] Lectura BMP390
2025-05-20 18:26:40,458 [INFO] Lectura LTR390
2025-05-20 18:26:43,958 [INFO] Lectura datos climáticos NASA
2025-05-20 18:26:43,961 [INFO] Datos JSON preparados para envío
2025-05-20 18:26:45,014 [INFO] Lectura BMP390
2025-05-20 18:26:45,194 [INFO] Lectura LTR390
2025-05-20 18:26:48,705 [INFO] Lectura datos climáticos NASA
2025-05-20 18:26:48,707 [INFO] Datos JSON preparados para envío
2025-05-20 18:26:49,760 [INFO] Lectura BMP390
2025-05-20 18:26:49,940 [INFO] Lectura LTR390
2025-05-20 18:26:52,572 [INFO] Lectura datos climáticos NASA
2025-05-20 18:26:52,576 [INFO] Datos JSON preparados para envío
2025-05-20 18:26:53,626 [INFO] Lectura BMP390
2025-05-20 18:26:53,804 [INFO] Lectura LTR390
2025-05-20 18:26:57,325 [INFO] Lectura datos climáticos NASA
2025-05-20 18:26:57,327 [INFO] Datos JSON preparados para envío
2025-05-20 18:26:58,379 [INFO] Lectura BMP390
2025-05-20 18:26:58,561 [INFO] Lectura LTR390
2025-05-20 18:27:02,339 [INFO] Lectura datos climáticos NASA
2025-05-20 18:27:02,341 [INFO] Datos JSON preparados para envío
2025-05-20 18:27:03,394 [INFO] Lectura BMP390
2025-05-20 18:27:03,574 [INFO] Lectura LTR390
2025-05-20 18:27:07,625 [INFO] Lectura datos climáticos NASA
2025-05-20 18:27:07,631 [INFO] Datos JSON preparados para envío
2025-05-20 18:27:08,684 [INFO] Lectura BMP390
2025-05-20 18:27:08,864 [INFO] Lectura LTR390
2025-05-20 18:27:11,831 [INFO] Lectura datos climáticos NASA
2025-05-20 18:27:11,834 [INFO] Datos JSON preparados para envío
2025-05-20 18:27:12,887 [INFO] Lectura BMP390
2025-05-20 18:27:13,067 [INFO] Lectura LTR390
2025-05-20 18:27:17,397 [INFO] Lectura datos climáticos NASA
2025-05-20 18:27:17,399 [INFO] Datos JSON preparados para envío
2025-05-20 18:27:18,451 [INFO] Lectura BMP390
2025-05-20 18:27:18,631 [INFO] Lectura LTR390
2025-05-20 18:27:21,904 [INFO] Lectura datos climáticos NASA
2025-05-20 18:27:21,907 [INFO] Datos JSON preparados para envío
2025-05-20 18:27:22,958 [INFO] Lectura BMP390
2025-05-20 18:27:23,139 [INFO] Lectura LTR390
2025-05-20 18:27:26,530 [INFO] Lectura datos climáticos NASA
2025-05-20 18:27:26,533 [INFO] Datos JSON preparados para envío
2025-05-20 18:27:27,583 [INFO] Lectura BMP390
2025-05-20 18:27:27,762 [INFO] Lectura LTR390
2025-05-20 18:27:32,450 [INFO] Lectura datos climáticos NASA
2025-05-20 18:27:32,452 [INFO] Datos JSON preparados para envío
2025-05-20 18:27:33,505 [INFO] Lectura BMP390
2025-05-20 18:27:33,685 [INFO] Lectura LTR390
2025-05-20 18:27:37,129 [INFO] Lectura datos climáticos NASA
2025-05-20 18:27:37,131 [INFO] Datos JSON preparados para envío
2025-05-20 18:27:38,183 [INFO] Lectura BMP390
2025-05-20 18:27:38,363 [INFO] Lectura LTR390
2025-05-20 18:27:41,799 [INFO] Lectura datos climáticos NASA
2025-05-20 18:27:41,801 [INFO] Datos JSON preparados para envío
2025-05-20 18:27:42,853 [INFO] Lectura BMP390
2025-05-20 18:27:43,040 [INFO] Lectura LTR390
2025-05-20 18:27:45,766 [INFO] Lectura datos climáticos NASA
2025-05-20 18:27:45,769 [INFO] Datos JSON preparados para envío
2025-05-20 18:27:46,822 [INFO] Lectura BMP390
2025-05-20 18:27:47,006 [INFO] Lectura LTR390
2025-05-20 18:27:59,953 [INFO] Inicio del sistema
2025-05-20 18:28:01,068 [INFO] Lectura BMP390
2025-05-20 18:28:01,284 [INFO] Lectura LTR390
2025-05-20 18:28:04,093 [INFO] Lectura datos climáticos NASA
2025-05-20 18:28:04,097 [INFO] Datos JSON preparados para envío
2025-05-20 18:28:05,149 [INFO] Lectura BMP390
2025-05-20 18:28:05,329 [INFO] Lectura LTR390
2025-05-20 18:28:08,982 [INFO] Lectura datos climáticos NASA
2025-05-20 18:28:08,986 [INFO] Datos JSON preparados para envío
2025-05-20 18:28:10,039 [INFO] Lectura BMP390
2025-05-20 18:28:10,219 [INFO] Lectura LTR390
2025-05-20 18:28:13,798 [INFO] Lectura datos climáticos NASA
2025-05-20 18:28:13,800 [INFO] Datos JSON preparados para envío
2025-05-20 18:28:14,853 [INFO] Lectura BMP390
2025-05-20 18:28:15,034 [INFO] Lectura LTR390
2025-05-20 18:28:18,315 [INFO] Lectura datos climáticos NASA
2025-05-20 18:28:18,319 [INFO] Datos JSON preparados para envío
2025-05-20 18:28:19,372 [INFO] Lectura BMP390
2025-05-20 18:28:19,551 [INFO] Lectura LTR390
2025-05-20 18:28:23,052 [INFO] Lectura datos climáticos NASA
2025-05-20 18:28:23,055 [INFO] Datos JSON preparados para envío
2025-05-20 18:28:24,108 [INFO] Lectura BMP390
2025-05-20 18:28:24,288 [INFO] Lectura LTR390
2025-05-20 18:28:27,876 [INFO] Lectura datos climáticos NASA
2025-05-20 18:28:27,882 [INFO] Datos JSON preparados para envío
2025-05-20 18:28:28,935 [INFO] Lectura BMP390
2025-05-20 18:28:29,115 [INFO] Lectura LTR390
2025-05-20 18:28:32,650 [INFO] Lectura datos climáticos NASA
2025-05-20 18:28:32,653 [INFO] Datos JSON preparados para envío
2025-05-20 18:28:33,706 [INFO] Lectura BMP390
2025-05-20 18:28:33,887 [INFO] Lectura LTR390
2025-05-20 18:28:37,119 [INFO] Lectura datos climáticos NASA
2025-05-20 18:28:37,121 [INFO] Datos JSON preparados para envío
2025-05-20 18:28:38,173 [INFO] Lectura BMP390
2025-05-20 18:28:38,353 [INFO] Lectura LTR390
2025-05-20 18:28:41,860 [INFO] Lectura datos climáticos NASA
2025-05-20 18:28:41,863 [INFO] Datos JSON preparados para envío
2025-05-20 18:28:42,919 [INFO] Lectura BMP390
2025-05-20 18:28:43,100 [INFO] Lectura LTR390
2025-05-20 18:28:46,467 [INFO] Lectura datos climáticos NASA
2025-05-20 18:28:46,470 [INFO] Datos JSON preparados para envío
2025-05-20 18:28:47,520 [INFO] Lectura BMP390
2025-05-20 18:28:47,698 [INFO] Lectura LTR390
2025-05-20 18:28:51,239 [INFO] Lectura datos climáticos NASA
2025-05-20 18:28:51,243 [INFO] Datos JSON preparados para envío
2025-05-20 18:28:52,293 [INFO] Lectura BMP390
2025-05-20 18:28:52,469 [INFO] Lectura LTR390
2025-05-20 18:28:55,332 [INFO] Lectura datos climáticos NASA
2025-05-20 18:28:55,335 [INFO] Datos JSON preparados para envío
2025-05-20 18:28:56,387 [INFO] Lectura BMP390
2025-05-20 18:28:56,565 [INFO] Lectura LTR390
2025-05-20 18:28:59,631 [INFO] Lectura datos climáticos NASA
2025-05-20 18:28:59,636 [INFO] Datos JSON preparados para envío
2025-05-20 18:29:00,690 [INFO] Lectura BMP390
2025-05-20 18:29:00,870 [INFO] Lectura LTR390
2025-05-20 18:29:04,122 [INFO] Lectura datos climáticos NASA
2025-05-20 18:29:04,126 [INFO] Datos JSON preparados para envío
2025-05-20 18:29:05,179 [INFO] Lectura BMP390
2025-05-20 18:29:05,360 [INFO] Lectura LTR390
2025-05-20 18:29:08,753 [INFO] Lectura datos climáticos NASA
2025-05-20 18:29:08,756 [INFO] Datos JSON preparados para envío
2025-05-20 18:29:09,809 [INFO] Lectura BMP390
2025-05-20 18:29:09,989 [INFO] Lectura LTR390
2025-05-20 18:29:12,989 [INFO] Lectura datos climáticos NASA
2025-05-20 18:29:12,991 [INFO] Datos JSON preparados para envío
2025-05-20 18:29:14,044 [INFO] Lectura BMP390
2025-05-20 18:29:14,226 [INFO] Lectura LTR390
2025-05-20 18:29:17,516 [INFO] Lectura datos climáticos NASA
2025-05-20 18:29:17,520 [INFO] Datos JSON preparados para envío
2025-05-20 18:29:18,572 [INFO] Lectura BMP390
2025-05-20 18:29:18,752 [INFO] Lectura LTR390
2025-05-20 18:29:23,004 [INFO] Lectura datos climáticos NASA
2025-05-20 18:29:23,011 [INFO] Datos JSON preparados para envío
2025-05-20 18:29:24,063 [INFO] Lectura BMP390
2025-05-20 18:29:24,243 [INFO] Lectura LTR390
2025-05-20 18:29:27,721 [INFO] Lectura datos climáticos NASA
2025-05-20 18:29:27,725 [INFO] Datos JSON preparados para envío
2025-05-20 18:29:28,776 [INFO] Lectura BMP390
2025-05-20 18:29:28,954 [INFO] Lectura LTR390
2025-05-20 18:29:32,582 [INFO] Lectura datos climáticos NASA
2025-05-20 18:29:32,586 [INFO] Datos JSON preparados para envío
2025-05-20 18:29:33,645 [INFO] Lectura BMP390
2025-05-20 18:29:33,825 [INFO] Lectura LTR390
2025-05-20 18:29:37,156 [INFO] Lectura datos climáticos NASA
2025-05-20 18:29:37,158 [INFO] Datos JSON preparados para envío
2025-05-20 18:29:38,210 [INFO] Lectura BMP390
2025-05-20 18:29:38,391 [INFO] Lectura LTR390
2025-05-20 18:29:41,255 [INFO] Lectura datos climáticos NASA
2025-05-20 18:29:41,258 [INFO] Datos JSON preparados para envío
2025-05-20 18:29:42,308 [INFO] Lectura BMP390
2025-05-20 18:29:42,485 [INFO] Lectura LTR390
2025-05-20 18:29:45,173 [INFO] Lectura datos climáticos NASA
2025-05-20 18:29:45,175 [INFO] Datos JSON preparados para envío
2025-05-20 18:29:46,227 [INFO] Lectura BMP390
2025-05-20 18:29:46,409 [INFO] Lectura LTR390
2025-05-20 18:29:53,331 [INFO] Inicio del sistema
2025-05-20 18:29:54,447 [INFO] Lectura BMP390
2025-05-20 18:29:54,660 [INFO] Lectura LTR390
2025-05-20 18:29:54,934 [ERROR] Error parseando línea serial: Expecting value: line 1 column 1 (char 0)
2025-05-20 18:29:54,937 [WARNING] GPS sin señal
2025-05-20 18:29:54,940 [INFO] Datos JSON preparados para envío
2025-05-20 18:29:55,994 [INFO] Lectura BMP390
2025-05-20 18:29:56,174 [INFO] Lectura LTR390
2025-05-20 18:29:57,033 [INFO] Lectura desde ESP32-S3 por serial
2025-05-20 18:29:57,035 [WARNING] GPS sin señal
2025-05-20 18:29:57,037 [INFO] Datos JSON preparados para envío
2025-05-20 18:29:58,088 [INFO] Lectura BMP390
2025-05-20 18:29:58,267 [INFO] Lectura LTR390
2025-05-20 18:29:59,133 [INFO] Lectura desde ESP32-S3 por serial
2025-05-20 18:30:02,717 [INFO] Lectura datos climáticos NASA
2025-05-20 18:30:02,720 [INFO] Datos JSON preparados para envío
2025-05-20 18:30:03,773 [INFO] Lectura BMP390
2025-05-20 18:30:03,954 [INFO] Lectura LTR390
2025-05-20 18:30:03,960 [INFO] Lectura desde ESP32-S3 por serial
2025-05-20 18:30:06,786 [INFO] Lectura datos climáticos NASA
2025-05-20 18:30:06,790 [INFO] Datos JSON preparados para envío
2025-05-20 18:30:07,843 [INFO] Lectura BMP390
2025-05-20 18:30:08,026 [INFO] Lectura LTR390
2025-05-20 18:30:08,030 [INFO] Lectura desde ESP32-S3 por serial
2025-05-20 18:30:11,371 [INFO] Lectura datos climáticos NASA
2025-05-20 18:30:11,376 [INFO] Datos JSON preparados para envío
2025-05-20 18:30:12,426 [INFO] Lectura BMP390
2025-05-20 18:30:12,603 [INFO] Lectura LTR390
2025-05-20 18:30:12,609 [INFO] Lectura desde ESP32-S3 por serial
2025-05-20 18:30:15,868 [INFO] Lectura datos climáticos NASA
2025-05-20 18:30:15,875 [INFO] Datos JSON preparados para envío
2025-05-20 18:30:16,927 [INFO] Lectura BMP390
2025-05-20 18:30:17,103 [INFO] Lectura LTR390
2025-05-20 18:30:17,106 [INFO] Lectura desde ESP32-S3 por serial
2025-05-20 18:30:19,878 [INFO] Lectura datos climáticos NASA
2025-05-20 18:30:19,884 [INFO] Datos JSON preparados para envío
2025-05-20 18:30:20,938 [INFO] Lectura BMP390
2025-05-20 18:30:21,118 [INFO] Lectura LTR390
2025-05-20 18:30:21,124 [INFO] Lectura desde ESP32-S3 por serial
2025-05-20 18:30:24,768 [INFO] Lectura datos climáticos NASA
2025-05-20 18:30:24,775 [INFO] Datos JSON preparados para envío
2025-05-20 18:30:25,828 [INFO] Lectura BMP390
2025-05-20 18:30:26,011 [INFO] Lectura LTR390
2025-05-20 18:30:26,017 [INFO] Lectura desde ESP32-S3 por serial
2025-05-20 18:30:29,290 [INFO] Lectura datos climáticos NASA
2025-05-20 18:30:29,293 [INFO] Datos JSON preparados para envío
2025-05-20 18:30:30,346 [INFO] Lectura BMP390
2025-05-20 18:30:30,526 [INFO] Lectura LTR390
2025-05-20 18:30:30,531 [INFO] Lectura desde ESP32-S3 por serial
2025-05-20 18:30:33,981 [INFO] Lectura datos climáticos NASA
2025-05-20 18:30:33,984 [INFO] Datos JSON preparados para envío
2025-05-20 18:30:35,037 [INFO] Lectura BMP390
2025-05-20 18:30:35,217 [INFO] Lectura LTR390
2025-05-20 18:30:35,223 [INFO] Lectura desde ESP32-S3 por serial
2025-05-20 18:30:38,551 [INFO] Lectura datos climáticos NASA
2025-05-20 18:30:38,555 [INFO] Datos JSON preparados para envío
2025-05-20 18:30:39,608 [INFO] Lectura BMP390
2025-05-20 18:30:39,789 [INFO] Lectura LTR390
2025-05-20 18:30:39,795 [INFO] Lectura desde ESP32-S3 por serial
2025-05-20 18:30:43,206 [INFO] Lectura datos climáticos NASA
2025-05-20 18:30:43,213 [INFO] Datos JSON preparados para envío
2025-05-20 18:30:44,266 [INFO] Lectura BMP390
2025-05-20 18:30:44,446 [INFO] Lectura LTR390
2025-05-20 18:30:44,451 [INFO] Lectura desde ESP32-S3 por serial
2025-05-20 18:33:31,188 [INFO] Inicio del sistema
2025-05-20 18:33:32,303 [INFO] Lectura BMP390
2025-05-20 18:33:32,518 [INFO] Lectura LTR390
2025-05-20 18:33:47,540 [INFO] Inicio del sistema
2025-05-20 18:33:48,657 [INFO] Lectura BMP390
2025-05-20 18:33:48,883 [INFO] Lectura LTR390
2025-05-20 18:33:48,889 [ERROR] Error parseando línea serial: Expecting value: line 1 column 1 (char 0)
2025-05-20 18:33:48,892 [WARNING] GPS sin señal
2025-05-20 18:33:48,905 [INFO] Datos JSON preparados para envío
2025-05-20 18:33:49,958 [INFO] Lectura BMP390
2025-05-20 18:33:50,140 [INFO] Lectura LTR390
2025-05-20 18:33:50,443 [INFO] Lectura desde ESP32-S3 por serial
2025-05-20 18:33:53,436 [INFO] Lectura datos climáticos NASA
2025-05-20 18:33:53,447 [INFO] Datos JSON preparados para envío
2025-05-20 18:33:54,502 [INFO] Lectura BMP390
2025-05-20 18:33:54,688 [INFO] Lectura LTR390
2025-05-20 18:33:54,691 [INFO] Lectura desde ESP32-S3 por serial
2025-05-20 18:33:58,160 [INFO] Lectura datos climáticos NASA
2025-05-20 18:33:58,162 [INFO] Datos JSON preparados para envío
2025-05-20 18:33:59,214 [INFO] Lectura BMP390
2025-05-20 18:33:59,395 [INFO] Lectura LTR390
2025-05-20 18:33:59,399 [INFO] Lectura desde ESP32-S3 por serial
2025-05-20 18:34:03,150 [INFO] Lectura datos climáticos NASA
2025-05-20 18:34:03,152 [INFO] Datos JSON preparados para envío
2025-05-20 18:34:04,207 [INFO] Lectura BMP390
2025-05-20 18:34:04,392 [INFO] Lectura LTR390
2025-05-20 18:34:04,399 [INFO] Lectura desde ESP32-S3 por serial
2025-05-20 18:34:07,558 [INFO] Lectura datos climáticos NASA
2025-05-20 18:34:07,561 [INFO] Datos JSON preparados para envío
2025-05-20 18:34:08,627 [INFO] Lectura BMP390
2025-05-20 18:34:08,808 [INFO] Lectura LTR390
2025-05-20 18:34:08,817 [INFO] Lectura desde ESP32-S3 por serial
2025-05-20 18:34:12,435 [INFO] Lectura datos climáticos NASA
2025-05-20 18:34:12,439 [INFO] Datos JSON preparados para envío
2025-05-20 18:34:13,492 [INFO] Lectura BMP390
2025-05-20 18:34:13,672 [INFO] Lectura LTR390
2025-05-20 18:34:13,679 [INFO] Lectura desde ESP32-S3 por serial
2025-05-20 18:34:17,301 [INFO] Lectura datos climáticos NASA
2025-05-20 18:34:17,308 [INFO] Datos JSON preparados para envío
2025-05-20 18:34:18,361 [INFO] Lectura BMP390
2025-05-20 18:34:18,542 [INFO] Lectura LTR390
2025-05-20 18:34:18,548 [INFO] Lectura desde ESP32-S3 por serial
2025-05-20 18:34:22,060 [INFO] Lectura datos climáticos NASA
2025-05-20 18:34:22,063 [INFO] Datos JSON preparados para envío
2025-05-20 18:34:23,116 [INFO] Lectura BMP390
2025-05-20 18:34:23,297 [INFO] Lectura LTR390
2025-05-20 18:34:23,302 [INFO] Lectura desde ESP32-S3 por serial
2025-05-20 18:34:26,835 [INFO] Lectura datos climáticos NASA
2025-05-20 18:34:26,838 [INFO] Datos JSON preparados para envío
2025-05-20 18:34:27,891 [INFO] Lectura BMP390
2025-05-20 18:34:28,073 [INFO] Lectura LTR390
2025-05-20 18:34:28,077 [INFO] Lectura desde ESP32-S3 por serial
2025-05-20 18:34:31,027 [INFO] Lectura datos climáticos NASA
2025-05-20 18:34:31,029 [INFO] Datos JSON preparados para envío
2025-05-20 18:34:32,080 [INFO] Lectura BMP390
2025-05-20 18:34:32,260 [INFO] Lectura LTR390
2025-05-20 18:34:32,266 [INFO] Lectura desde ESP32-S3 por serial
2025-05-20 18:34:35,681 [INFO] Lectura datos climáticos NASA
2025-05-20 18:34:35,686 [INFO] Datos JSON preparados para envío
2025-05-20 18:34:36,739 [INFO] Lectura BMP390
2025-05-20 18:34:36,924 [INFO] Lectura LTR390
2025-05-20 18:34:36,928 [INFO] Lectura desde ESP32-S3 por serial
2025-05-20 18:34:39,743 [INFO] Lectura datos climáticos NASA
2025-05-20 18:34:39,745 [INFO] Datos JSON preparados para envío
2025-05-20 18:34:40,796 [INFO] Lectura BMP390
2025-05-20 18:34:40,979 [INFO] Lectura LTR390
2025-05-20 18:34:40,982 [INFO] Lectura desde ESP32-S3 por serial
2025-05-20 18:34:44,437 [INFO] Lectura datos climáticos NASA
2025-05-20 18:34:44,440 [INFO] Datos JSON preparados para envío
2025-05-20 18:34:45,493 [INFO] Lectura BMP390
2025-05-20 18:34:45,673 [INFO] Lectura LTR390
2025-05-20 18:34:45,680 [INFO] Lectura desde ESP32-S3 por serial
2025-05-20 18:34:49,207 [INFO] Lectura datos climáticos NASA
2025-05-20 18:34:49,213 [INFO] Datos JSON preparados para envío
2025-05-20 18:34:50,265 [INFO] Lectura BMP390
2025-05-20 18:34:50,445 [INFO] Lectura LTR390
2025-05-20 18:34:50,450 [INFO] Lectura desde ESP32-S3 por serial
2025-05-20 18:34:54,419 [INFO] Lectura datos climáticos NASA
2025-05-20 18:34:54,422 [INFO] Datos JSON preparados para envío
2025-05-20 18:34:55,475 [INFO] Lectura BMP390
2025-05-20 18:34:55,655 [INFO] Lectura LTR390
2025-05-20 18:34:55,662 [INFO] Lectura desde ESP32-S3 por serial
2025-05-20 18:34:59,604 [INFO] Lectura datos climáticos NASA
2025-05-20 18:34:59,607 [INFO] Datos JSON preparados para envío
2025-05-20 18:35:00,660 [INFO] Lectura BMP390
2025-05-20 18:35:00,842 [INFO] Lectura LTR390
2025-05-20 18:35:00,848 [INFO] Lectura desde ESP32-S3 por serial
2025-05-20 18:35:05,089 [INFO] Lectura datos climáticos NASA
2025-05-20 18:35:05,096 [INFO] Datos JSON preparados para envío
2025-05-20 18:35:06,148 [INFO] Lectura BMP390
2025-05-20 18:35:06,328 [INFO] Lectura LTR390
2025-05-20 18:35:06,334 [INFO] Lectura desde ESP32-S3 por serial
2025-05-20 18:35:09,205 [INFO] Lectura datos climáticos NASA
2025-05-20 18:35:09,208 [INFO] Datos JSON preparados para envío
2025-05-20 18:35:10,261 [INFO] Lectura BMP390
2025-05-20 18:35:10,441 [INFO] Lectura LTR390
2025-05-20 18:35:10,446 [INFO] Lectura desde ESP32-S3 por serial
2025-05-20 18:35:14,476 [INFO] Lectura datos climáticos NASA
2025-05-20 18:35:14,479 [INFO] Datos JSON preparados para envío
2025-05-20 18:35:15,531 [INFO] Lectura BMP390
2025-05-20 18:35:15,712 [INFO] Lectura LTR390
2025-05-20 18:35:15,718 [INFO] Lectura desde ESP32-S3 por serial
2025-05-20 18:35:19,227 [INFO] Lectura datos climáticos NASA
2025-05-20 18:35:19,231 [INFO] Datos JSON preparados para envío
2025-05-20 18:35:20,283 [INFO] Lectura BMP390
2025-05-20 18:35:20,462 [INFO] Lectura LTR390
2025-05-20 18:35:20,467 [INFO] Lectura desde ESP32-S3 por serial
2025-05-20 18:35:23,298 [INFO] Lectura datos climáticos NASA
2025-05-20 18:35:23,301 [INFO] Datos JSON preparados para envío
2025-05-20 18:35:24,354 [INFO] Lectura BMP390
2025-05-20 18:35:24,534 [INFO] Lectura LTR390
2025-05-20 18:35:24,540 [INFO] Lectura desde ESP32-S3 por serial
2025-05-20 18:35:27,893 [INFO] Lectura datos climáticos NASA
2025-05-20 18:35:27,898 [INFO] Datos JSON preparados para envío
2025-05-20 18:35:28,951 [INFO] Lectura BMP390
2025-05-20 18:35:29,131 [INFO] Lectura LTR390
2025-05-20 18:35:29,138 [INFO] Lectura desde ESP32-S3 por serial
2025-05-20 18:35:32,669 [INFO] Lectura datos climáticos NASA
2025-05-20 18:35:32,672 [INFO] Datos JSON preparados para envío
2025-05-20 18:35:33,724 [INFO] Lectura BMP390
2025-05-20 18:35:33,905 [INFO] Lectura LTR390
2025-05-20 18:35:33,912 [INFO] Lectura desde ESP32-S3 por serial
2025-05-20 18:35:36,704 [INFO] Lectura datos climáticos NASA
2025-05-20 18:35:36,707 [INFO] Datos JSON preparados para envío
2025-05-20 18:35:37,760 [INFO] Lectura BMP390
2025-05-20 18:35:37,940 [INFO] Lectura LTR390
2025-05-20 18:35:37,949 [INFO] Lectura desde ESP32-S3 por serial
2025-05-20 18:35:41,476 [INFO] Lectura datos climáticos NASA
2025-05-20 18:35:41,478 [INFO] Datos JSON preparados para envío
2025-05-20 18:35:42,531 [INFO] Lectura BMP390
2025-05-20 18:35:42,712 [INFO] Lectura LTR390
2025-05-20 18:35:42,719 [INFO] Lectura desde ESP32-S3 por serial
2025-05-20 18:35:45,989 [INFO] Lectura datos climáticos NASA
2025-05-20 18:35:45,990 [INFO] Datos JSON preparados para envío
2025-05-20 18:35:47,042 [INFO] Lectura BMP390
2025-05-20 18:35:47,221 [INFO] Lectura LTR390
2025-05-20 18:35:47,228 [INFO] Lectura desde ESP32-S3 por serial
2025-05-20 18:35:50,027 [INFO] Lectura datos climáticos NASA
2025-05-20 18:35:50,034 [INFO] Datos JSON preparados para envío
2025-05-20 18:35:51,084 [INFO] Lectura BMP390
2025-05-20 18:35:51,260 [INFO] Lectura LTR390
2025-05-20 18:35:51,263 [INFO] Lectura desde ESP32-S3 por serial
2025-05-20 18:35:54,405 [INFO] Lectura datos climáticos NASA
2025-05-20 18:35:54,408 [INFO] Datos JSON preparados para envío
2025-05-20 18:35:55,461 [INFO] Lectura BMP390
2025-05-20 18:35:55,641 [INFO] Lectura LTR390
2025-05-20 18:35:55,648 [INFO] Lectura desde ESP32-S3 por serial
2025-05-20 18:35:59,297 [INFO] Lectura datos climáticos NASA
2025-05-20 18:35:59,302 [INFO] Datos JSON preparados para envío
2025-05-20 18:36:00,355 [INFO] Lectura BMP390
2025-05-20 18:36:00,536 [INFO] Lectura LTR390
2025-05-20 18:36:00,546 [INFO] Lectura desde ESP32-S3 por serial
2025-05-20 18:36:04,310 [INFO] Lectura datos climáticos NASA
2025-05-20 18:36:04,313 [INFO] Datos JSON preparados para envío
2025-05-20 18:36:05,366 [INFO] Lectura BMP390
2025-05-20 18:36:05,547 [INFO] Lectura LTR390
2025-05-20 18:36:05,557 [INFO] Lectura desde ESP32-S3 por serial
2025-05-20 18:36:09,633 [INFO] Lectura datos climáticos NASA
2025-05-20 18:36:09,637 [INFO] Datos JSON preparados para envío
2025-05-20 18:36:10,690 [INFO] Lectura BMP390
2025-05-20 18:36:10,868 [INFO] Lectura LTR390
2025-05-20 18:36:10,872 [INFO] Lectura desde ESP32-S3 por serial
2025-05-20 18:36:14,647 [INFO] Lectura datos climáticos NASA
2025-05-20 18:36:14,654 [INFO] Datos JSON preparados para envío
2025-05-20 18:36:15,708 [INFO] Lectura BMP390
2025-05-20 18:36:15,897 [INFO] Lectura LTR390
2025-05-20 18:36:19,252 [INFO] Lectura datos climáticos NASA
2025-05-20 18:36:19,257 [INFO] Datos JSON preparados para envío
2025-05-20 18:36:20,310 [INFO] Lectura BMP390
2025-05-20 18:36:20,495 [INFO] Lectura LTR390
2025-05-20 18:36:23,882 [INFO] Lectura datos climáticos NASA
2025-05-20 18:36:23,885 [INFO] Datos JSON preparados para envío
2025-05-20 18:36:24,937 [INFO] Lectura BMP390
2025-05-20 18:36:25,118 [INFO] Lectura LTR390
2025-05-20 18:36:28,692 [INFO] Lectura datos climáticos NASA
2025-05-20 18:36:28,695 [INFO] Datos JSON preparados para envío
2025-05-20 18:36:29,748 [INFO] Lectura BMP390
2025-05-20 18:36:29,928 [INFO] Lectura LTR390
2025-05-20 18:36:33,411 [INFO] Lectura datos climáticos NASA
2025-05-20 18:36:33,415 [INFO] Datos JSON preparados para envío
2025-05-20 18:36:34,467 [INFO] Lectura BMP390
2025-05-20 18:36:34,647 [INFO] Lectura LTR390
2025-05-20 18:36:38,003 [INFO] Lectura datos climáticos NASA
2025-05-20 18:36:38,007 [INFO] Datos JSON preparados para envío
2025-05-20 18:36:39,059 [INFO] Lectura BMP390
2025-05-20 18:36:39,239 [INFO] Lectura LTR390
2025-05-20 18:36:42,661 [INFO] Lectura datos climáticos NASA
2025-05-20 18:36:42,665 [INFO] Datos JSON preparados para envío
2025-05-20 18:36:43,718 [INFO] Lectura BMP390
2025-05-20 18:36:43,897 [INFO] Lectura LTR390
2025-05-20 18:36:47,258 [INFO] Lectura datos climáticos NASA
2025-05-20 18:36:47,261 [INFO] Datos JSON preparados para envío
2025-05-20 18:36:48,314 [INFO] Lectura BMP390
2025-05-20 18:36:48,496 [INFO] Lectura LTR390
2025-05-20 18:36:51,908 [INFO] Lectura datos climáticos NASA
2025-05-20 18:36:51,912 [INFO] Datos JSON preparados para envío
2025-05-20 18:36:52,965 [INFO] Lectura BMP390
2025-05-20 18:36:53,146 [INFO] Lectura LTR390
2025-05-20 18:37:49,973 [INFO] Inicio del sistema
2025-05-20 18:37:51,090 [INFO] Lectura BMP390
2025-05-20 18:37:51,303 [INFO] Lectura LTR390
2025-05-20 18:37:54,832 [INFO] Lectura datos climáticos NASA
2025-05-20 18:37:54,836 [INFO] Datos JSON preparados para envío
2025-05-20 18:37:59,022 [INFO] Inicio del sistema
2025-05-20 18:38:00,136 [INFO] Lectura BMP390
2025-05-20 18:38:00,348 [INFO] Lectura LTR390
2025-05-20 18:38:20,317 [INFO] Inicio del sistema
2025-05-20 18:38:21,434 [INFO] Lectura BMP390
2025-05-20 18:38:21,649 [INFO] Lectura LTR390
2025-05-20 18:38:23,654 [WARNING] GPS sin señal
2025-05-20 18:38:23,658 [INFO] Datos JSON preparados para envío
2025-05-20 18:38:24,709 [INFO] Lectura BMP390
2025-05-20 18:38:24,886 [INFO] Lectura LTR390
2025-05-20 18:38:26,891 [WARNING] GPS sin señal
2025-05-20 18:38:26,895 [INFO] Datos JSON preparados para envío
2025-05-20 18:38:27,950 [INFO] Lectura BMP390
2025-05-20 18:38:28,131 [INFO] Lectura LTR390
2025-05-20 18:38:34,180 [INFO] Lectura datos climáticos NASA
2025-05-20 18:38:34,183 [INFO] Datos JSON preparados para envío
2025-05-20 18:38:35,235 [INFO] Lectura BMP390
2025-05-20 18:38:35,418 [INFO] Lectura LTR390
2025-05-20 18:38:40,279 [INFO] Lectura datos climáticos NASA
2025-05-20 18:38:40,283 [INFO] Datos JSON preparados para envío
2025-05-20 18:38:41,336 [INFO] Lectura BMP390
2025-05-20 18:38:41,516 [INFO] Lectura LTR390
2025-05-20 18:38:46,670 [INFO] Lectura datos climáticos NASA
2025-05-20 18:38:46,673 [INFO] Datos JSON preparados para envío
2025-05-20 18:38:47,726 [INFO] Lectura BMP390
2025-05-20 18:38:47,906 [INFO] Lectura LTR390
2025-05-20 18:38:53,726 [INFO] Lectura datos climáticos NASA
2025-05-20 18:38:53,729 [INFO] Datos JSON preparados para envío
2025-05-20 18:38:54,779 [INFO] Lectura BMP390
2025-05-20 18:38:54,956 [INFO] Lectura LTR390
2025-05-20 18:39:01,068 [INFO] Lectura datos climáticos NASA
2025-05-20 18:39:01,072 [INFO] Datos JSON preparados para envío
2025-05-20 18:39:02,125 [INFO] Lectura BMP390
2025-05-20 18:39:02,305 [INFO] Lectura LTR390
2025-05-20 18:39:07,934 [INFO] Lectura datos climáticos NASA
2025-05-20 18:39:07,941 [INFO] Datos JSON preparados para envío
2025-05-20 18:39:08,994 [INFO] Lectura BMP390
2025-05-20 18:39:09,174 [INFO] Lectura LTR390
2025-05-20 18:45:30,742 [INFO] Inicio del sistema
2025-05-20 18:45:31,863 [INFO] Lectura BMP390
2025-05-20 18:45:32,077 [INFO] Lectura LTR390
2025-05-20 18:45:32,092 [WARNING] GPS sin señal
2025-05-20 18:45:32,094 [INFO] Datos JSON preparados para envío
2025-05-20 18:45:33,147 [INFO] Lectura BMP390
2025-05-20 18:45:33,330 [INFO] Lectura LTR390
2025-05-20 18:48:44,386 [INFO] Inicio del sistema
2025-05-20 18:48:45,509 [INFO] Lectura BMP390
2025-05-20 18:48:45,731 [INFO] Lectura LTR390
2025-05-20 18:48:45,736 [WARNING] Lectura serial fallida o formato incorrecto
2025-05-20 18:48:45,742 [WARNING] GPS sin señal
2025-05-20 18:48:45,744 [INFO] Datos JSON preparados para envío
2025-05-20 18:48:46,799 [INFO] Lectura BMP390
2025-05-20 18:48:46,994 [INFO] Lectura LTR390
2025-05-20 18:48:57,581 [INFO] Inicio del sistema
2025-05-20 18:48:58,698 [INFO] Lectura BMP390
2025-05-20 18:48:58,907 [INFO] Lectura LTR390
2025-05-20 18:48:58,912 [WARNING] Lectura serial fallida o formato incorrecto
2025-05-20 18:48:58,914 [WARNING] GPS sin señal
2025-05-20 18:48:58,916 [INFO] Datos JSON preparados para envío
2025-05-20 18:48:59,969 [INFO] Lectura BMP390
2025-05-20 18:49:00,150 [INFO] Lectura LTR390
2025-05-20 18:49:59,167 [INFO] Inicio del sistema
2025-05-20 18:50:00,282 [INFO] Lectura BMP390
2025-05-20 18:50:00,496 [INFO] Lectura LTR390
2025-05-20 18:50:00,502 [WARNING] Lectura serial fallida o formato incorrecto
2025-05-20 18:50:00,506 [WARNING] GPS sin señal
2025-05-20 18:50:00,511 [INFO] Datos JSON preparados para envío
2025-05-20 18:50:01,586 [INFO] Lectura BMP390
2025-05-20 18:50:01,774 [INFO] Lectura LTR390
2025-05-20 18:50:01,781 [INFO] Lectura desde ESP32-S3 por serial
2025-05-20 18:50:05,746 [INFO] Lectura datos climáticos NASA
2025-05-20 18:50:05,751 [INFO] Datos JSON preparados para envío
2025-05-20 18:50:06,806 [INFO] Lectura BMP390
2025-05-20 18:50:06,994 [INFO] Lectura LTR390
2025-05-20 18:50:06,998 [INFO] Lectura desde ESP32-S3 por serial
2025-05-20 18:50:09,985 [INFO] Lectura datos climáticos NASA
2025-05-20 18:50:09,991 [INFO] Datos JSON preparados para envío
2025-05-20 18:50:11,046 [INFO] Lectura BMP390
2025-05-20 18:50:11,226 [INFO] Lectura LTR390
2025-05-20 18:50:11,229 [INFO] Lectura desde ESP32-S3 por serial
2025-05-20 18:50:14,626 [INFO] Lectura datos climáticos NASA
2025-05-20 18:50:14,631 [INFO] Datos JSON preparados para envío
2025-05-20 18:50:15,681 [INFO] Lectura BMP390
2025-05-20 18:50:15,860 [INFO] Lectura LTR390
2025-05-20 18:50:15,864 [INFO] Lectura desde ESP32-S3 por serial
2025-05-20 18:50:19,270 [INFO] Lectura datos climáticos NASA
2025-05-20 18:50:19,281 [INFO] Datos JSON preparados para envío
2025-05-20 18:50:20,334 [INFO] Lectura BMP390
2025-05-20 18:50:20,513 [INFO] Lectura LTR390
2025-05-20 18:50:20,523 [INFO] Lectura desde ESP32-S3 por serial
2025-05-20 18:50:24,048 [INFO] Lectura datos climáticos NASA
2025-05-20 18:50:24,049 [INFO] Datos JSON preparados para envío
2025-05-20 18:50:25,101 [INFO] Lectura BMP390
2025-05-20 18:50:25,282 [INFO] Lectura LTR390
2025-05-20 18:50:25,287 [INFO] Lectura desde ESP32-S3 por serial
2025-05-20 18:50:28,567 [INFO] Lectura datos climáticos NASA
2025-05-20 18:50:28,571 [INFO] Datos JSON preparados para envío
2025-05-20 18:50:29,623 [INFO] Lectura BMP390
2025-05-20 18:50:29,800 [INFO] Lectura LTR390
2025-05-20 18:50:29,803 [INFO] Lectura desde ESP32-S3 por serial
2025-05-20 18:50:32,811 [INFO] Lectura datos climáticos NASA
2025-05-20 18:50:32,815 [INFO] Datos JSON preparados para envío
2025-05-20 18:50:33,868 [INFO] Lectura BMP390
2025-05-20 18:50:34,051 [INFO] Lectura LTR390
2025-05-20 18:50:34,056 [INFO] Lectura desde ESP32-S3 por serial
2025-05-20 18:50:37,194 [INFO] Lectura datos climáticos NASA
2025-05-20 18:50:37,201 [INFO] Datos JSON preparados para envío
2025-05-20 18:50:38,253 [INFO] Lectura BMP390
2025-05-20 18:50:38,434 [INFO] Lectura LTR390
2025-05-20 18:50:38,441 [INFO] Lectura desde ESP32-S3 por serial
2025-05-20 18:50:42,122 [INFO] Lectura datos climáticos NASA
2025-05-20 18:50:42,126 [INFO] Datos JSON preparados para envío
2025-05-20 18:50:43,176 [INFO] Lectura BMP390
2025-05-20 18:50:43,352 [INFO] Lectura LTR390
2025-05-20 18:50:43,355 [INFO] Lectura desde ESP32-S3 por serial
2025-05-20 18:50:46,257 [INFO] Lectura datos climáticos NASA
2025-05-20 18:50:46,260 [INFO] Datos JSON preparados para envío
2025-05-20 18:50:47,312 [INFO] Lectura BMP390
2025-05-20 18:50:47,495 [INFO] Lectura LTR390
2025-05-20 18:50:47,499 [INFO] Lectura desde ESP32-S3 por serial
2025-05-20 18:50:50,725 [INFO] Lectura datos climáticos NASA
2025-05-20 18:50:50,727 [INFO] Datos JSON preparados para envío
2025-05-20 18:50:51,779 [INFO] Lectura BMP390
2025-05-20 18:50:51,959 [INFO] Lectura LTR390
2025-05-20 18:50:51,966 [INFO] Lectura desde ESP32-S3 por serial
2025-05-20 18:50:55,729 [INFO] Lectura datos climáticos NASA
2025-05-20 18:50:55,735 [INFO] Datos JSON preparados para envío
2025-05-20 18:50:56,788 [INFO] Lectura BMP390
2025-05-20 18:50:56,969 [INFO] Lectura LTR390
2025-05-20 18:50:56,975 [INFO] Lectura desde ESP32-S3 por serial
2025-05-20 18:51:00,759 [INFO] Lectura datos climáticos NASA
2025-05-20 18:51:00,761 [INFO] Datos JSON preparados para envío
2025-05-20 18:51:01,815 [INFO] Lectura BMP390
2025-05-20 18:51:01,996 [INFO] Lectura LTR390
2025-05-20 18:51:02,002 [INFO] Lectura desde ESP32-S3 por serial
2025-05-20 18:51:05,859 [INFO] Lectura datos climáticos NASA
2025-05-20 18:51:05,863 [INFO] Datos JSON preparados para envío
2025-05-20 18:51:06,917 [INFO] Lectura BMP390
2025-05-20 18:51:07,099 [INFO] Lectura LTR390
2025-05-20 18:51:07,105 [INFO] Lectura desde ESP32-S3 por serial
2025-05-20 18:51:10,433 [INFO] Lectura datos climáticos NASA
2025-05-20 18:51:10,436 [INFO] Datos JSON preparados para envío
2025-05-20 18:51:11,489 [INFO] Lectura BMP390
2025-05-20 18:51:11,669 [INFO] Lectura LTR390
2025-05-20 18:51:11,675 [INFO] Lectura desde ESP32-S3 por serial
2025-05-20 18:51:15,394 [INFO] Lectura datos climáticos NASA
2025-05-20 18:51:15,397 [INFO] Datos JSON preparados para envío
2025-05-20 18:51:16,450 [INFO] Lectura BMP390
2025-05-20 18:51:16,630 [INFO] Lectura LTR390
2025-05-20 18:51:16,636 [INFO] Lectura desde ESP32-S3 por serial
2025-05-20 18:51:20,505 [INFO] Lectura datos climáticos NASA
2025-05-20 18:51:20,507 [INFO] Datos JSON preparados para envío
2025-05-20 18:51:21,561 [INFO] Lectura BMP390
2025-05-20 18:51:21,743 [INFO] Lectura LTR390
2025-05-20 18:51:21,748 [INFO] Lectura desde ESP32-S3 por serial
2025-05-20 18:51:25,612 [INFO] Lectura datos climáticos NASA
2025-05-20 18:51:25,616 [INFO] Datos JSON preparados para envío
2025-05-20 18:51:26,669 [INFO] Lectura BMP390
2025-05-20 18:51:26,851 [INFO] Lectura LTR390
2025-05-20 18:51:26,857 [INFO] Lectura desde ESP32-S3 por serial
2025-05-20 18:51:30,523 [INFO] Lectura datos climáticos NASA
2025-05-20 18:51:30,526 [INFO] Datos JSON preparados para envío
2025-05-20 18:51:31,579 [INFO] Lectura BMP390
2025-05-20 18:51:31,761 [INFO] Lectura LTR390
2025-05-20 18:51:31,766 [INFO] Lectura desde ESP32-S3 por serial
2025-05-20 18:51:34,853 [INFO] Lectura datos climáticos NASA
2025-05-20 18:51:34,857 [INFO] Datos JSON preparados para envío
2025-05-20 18:51:35,909 [INFO] Lectura BMP390
2025-05-20 18:51:36,090 [INFO] Lectura LTR390
2025-05-20 18:51:36,096 [INFO] Lectura desde ESP32-S3 por serial
2025-05-20 18:51:39,630 [INFO] Lectura datos climáticos NASA
2025-05-20 18:51:39,633 [INFO] Datos JSON preparados para envío
2025-05-20 18:51:40,687 [INFO] Lectura BMP390
2025-05-20 18:51:40,868 [INFO] Lectura LTR390
2025-05-20 18:51:40,873 [INFO] Lectura desde ESP32-S3 por serial
2025-05-20 18:51:43,638 [INFO] Lectura datos climáticos NASA
2025-05-20 18:51:43,644 [INFO] Datos JSON preparados para envío
2025-05-20 18:51:44,698 [INFO] Lectura BMP390
2025-05-20 18:51:44,878 [INFO] Lectura LTR390
2025-05-20 18:51:44,885 [INFO] Lectura desde ESP32-S3 por serial
2025-05-20 18:51:48,212 [INFO] Lectura datos climáticos NASA
2025-05-20 18:51:48,214 [INFO] Datos JSON preparados para envío
2025-05-20 18:51:49,267 [INFO] Lectura BMP390
2025-05-20 18:51:49,447 [INFO] Lectura LTR390
2025-05-20 18:51:49,453 [INFO] Lectura desde ESP32-S3 por serial
2025-05-20 18:51:53,044 [INFO] Lectura datos climáticos NASA
2025-05-20 18:51:53,046 [INFO] Datos JSON preparados para envío
2025-05-20 18:51:54,098 [INFO] Lectura BMP390
2025-05-20 18:51:54,280 [INFO] Lectura LTR390
2025-05-20 18:51:54,285 [INFO] Lectura desde ESP32-S3 por serial
2025-05-20 18:51:57,307 [INFO] Lectura datos climáticos NASA
2025-05-20 18:51:57,311 [INFO] Datos JSON preparados para envío
2025-05-20 18:51:58,361 [INFO] Lectura BMP390
2025-05-20 18:51:58,538 [INFO] Lectura LTR390
2025-05-20 18:51:58,542 [INFO] Lectura desde ESP32-S3 por serial
2025-05-20 18:52:02,066 [INFO] Lectura datos climáticos NASA
2025-05-20 18:52:02,075 [INFO] Datos JSON preparados para envío
2025-05-20 18:52:03,129 [INFO] Lectura BMP390
2025-05-20 18:52:03,311 [INFO] Lectura LTR390
2025-05-20 18:52:03,315 [INFO] Lectura desde ESP32-S3 por serial
2025-05-20 18:52:06,833 [INFO] Lectura datos climáticos NASA
2025-05-20 18:52:06,838 [INFO] Datos JSON preparados para envío
2025-05-20 18:52:07,892 [INFO] Lectura BMP390
2025-05-20 18:52:08,069 [INFO] Lectura LTR390
2025-05-20 18:52:08,071 [INFO] Lectura desde ESP32-S3 por serial
2025-05-20 18:52:11,524 [INFO] Lectura datos climáticos NASA
2025-05-20 18:52:11,527 [INFO] Datos JSON preparados para envío
2025-05-20 18:52:12,579 [INFO] Lectura BMP390
2025-05-20 18:52:12,764 [INFO] Lectura LTR390
2025-05-20 18:52:12,770 [INFO] Lectura desde ESP32-S3 por serial
2025-05-20 18:52:15,753 [INFO] Lectura datos climáticos NASA
2025-05-20 18:52:15,758 [INFO] Datos JSON preparados para envío
2025-05-20 18:52:16,811 [INFO] Lectura BMP390
2025-05-20 18:52:16,993 [INFO] Lectura LTR390
2025-05-20 18:52:17,002 [INFO] Lectura desde ESP32-S3 por serial
2025-05-20 18:52:20,358 [INFO] Lectura datos climáticos NASA
2025-05-20 18:52:20,362 [INFO] Datos JSON preparados para envío
2025-05-20 18:52:21,415 [INFO] Lectura BMP390
2025-05-20 18:52:21,596 [INFO] Lectura LTR390
2025-05-20 18:52:21,601 [INFO] Lectura desde ESP32-S3 por serial
2025-05-20 18:52:25,373 [INFO] Lectura datos climáticos NASA
2025-05-20 18:52:25,381 [INFO] Datos JSON preparados para envío
2025-05-20 18:52:26,433 [INFO] Lectura BMP390
2025-05-20 18:52:26,615 [INFO] Lectura LTR390
2025-05-20 18:52:26,619 [INFO] Lectura desde ESP32-S3 por serial
2025-05-20 18:52:29,390 [INFO] Lectura datos climáticos NASA
2025-05-20 18:52:29,393 [INFO] Datos JSON preparados para envío
2025-05-20 18:52:30,446 [INFO] Lectura BMP390
2025-05-20 18:52:30,627 [INFO] Lectura LTR390
2025-05-20 18:52:30,632 [INFO] Lectura desde ESP32-S3 por serial
2025-05-20 18:52:34,037 [INFO] Lectura datos climáticos NASA
2025-05-20 18:52:34,040 [INFO] Datos JSON preparados para envío
2025-05-20 18:52:35,093 [INFO] Lectura BMP390
2025-05-20 18:52:35,276 [INFO] Lectura LTR390
2025-05-20 18:52:35,281 [INFO] Lectura desde ESP32-S3 por serial
2025-05-20 18:52:38,880 [INFO] Lectura datos climáticos NASA
2025-05-20 18:52:38,884 [INFO] Datos JSON preparados para envío
2025-05-20 18:52:39,937 [INFO] Lectura BMP390
2025-05-20 18:52:40,119 [INFO] Lectura LTR390
2025-05-20 18:52:40,125 [INFO] Lectura desde ESP32-S3 por serial
2025-05-20 18:52:43,750 [INFO] Lectura datos climáticos NASA
2025-05-20 18:52:43,753 [INFO] Datos JSON preparados para envío
2025-05-20 18:52:44,806 [INFO] Lectura BMP390
2025-05-20 18:52:44,992 [INFO] Lectura LTR390
2025-05-20 18:52:44,997 [INFO] Lectura desde ESP32-S3 por serial
2025-05-20 18:52:48,643 [INFO] Lectura datos climáticos NASA
2025-05-20 18:52:48,646 [INFO] Datos JSON preparados para envío
2025-05-20 18:52:49,699 [INFO] Lectura BMP390
2025-05-20 18:52:49,880 [INFO] Lectura LTR390
2025-05-20 18:52:49,885 [INFO] Lectura desde ESP32-S3 por serial
